
R version 4.0.4 (2021-02-15) -- "Lost Library Book"
Copyright (C) 2021 The R Foundation for Statistical Computing
Platform: x86_64-pc-linux-gnu (64-bit)

R is free software and comes with ABSOLUTELY NO WARRANTY.
You are welcome to redistribute it under certain conditions.
Type 'license()' or 'licence()' for distribution details.

R is a collaborative project with many contributors.
Type 'contributors()' for more information and
'citation()' on how to cite R or R packages in publications.

Type 'demo()' for some demos, 'help()' for on-line help, or
'help.start()' for an HTML browser interface to help.
Type 'q()' to quit R.

> ## dcn
> 
> library(cartogramR)
> data(usa)
> oldoptions <- options(digits=5)
> usa2 <- usa[usa$region=="4",]
> precarto <- precartogramR(usa2, method="dcn")
> summary(precarto)
    L3 L2 L1   dbv
 1: 11  1  1 34087
 2: 11  1  1 28425
 3:  9  1  1 26602
 4:  1  1  1 26205
 5:  5  1  1 24730
 6:  1  1  1 22601
 7:  5  1  1 22495
 8:  2  1  1 22187
 9:  9  1  1 22145
10:  1  1  1 21742
> 
> carto <-  cartogramR(usa, "electors64", method="dcn", options=list(relerror=2))
> carto$final_centers
          [,1]     [,2]
 [1,]   303706 -1098080
 [2,]  -669950  -944479
 [3,]  -797284   102539
 [4,]  1791950   295850
 [5,]  -340983   130717
 [6,]  -369066  -106246
 [7,]  -947319  -461599
 [8,] -1433234    35221
 [9,] -1400070   307917
[10,] -1048559   -32300
[11,]  -119422  -966069
[12,]  2241295  -268965
[13,]  2517323   118574
[14,]   493487 -1488179
[15,]  2316425    68238
[16,]  1447849  -647199
[17,]  1133587  -353728
[18,]   982214  -840201
[19,]  1361261 -1333081
[20,]   654350 -1335185
[21,]  2424340   334654
[22,]  2192573  -537547
[23,]  2114131   590019
[24,]  1688075  -180884
[25,]  1957037  -534878
[26,]   921799 -1028085
[27,]   961757 -1340417
[28,]  1741648  -770421
[29,]   188463  -741201
[30,]  2270785   563575
[31,]  2363736   736025
[32,]  1629246 -1180565
[33,]    39103  -269911
[34,]  1786549  -981232
[35,]  -237466  -659828
[36,]  -355981  -356496
[37,]  -736248  -210934
[38,]  -647805  -555585
[39,]    37408   135744
[40,]   394540    73786
[41,]   768013   198430
[42,]   789772  -485973
[43,]  -159285 -1341129
[44,]  1602987 -1727059
[45,]  1879997  -578922
[46,]   460356  -487784
[47,]  -963141  -895799
[48,] -1197505  -403176
[49,] -1490931  -552082
> carto$final_area
 [1] 1.0329e+11 1.1434e+11 1.3837e+11 4.3830e+11 8.9547e+10 9.4233e+10
 [7] 9.4570e+10 1.3275e+11 1.4361e+11 1.0939e+11 1.2375e+11 1.4113e+11
[13] 5.2956e+10 1.4328e+11 8.4919e+10 9.2112e+10 2.9427e+11 1.2776e+11
[19] 1.7275e+11 1.1290e+11 1.1129e+11 2.6280e+10 3.6814e+10 3.4708e+11
[25] 9.8697e+10 1.3946e+11 1.4863e+11 1.5836e+11 1.8074e+11 4.7770e+10
[31] 6.9603e+10 1.1099e+11 1.3898e+11 1.7341e+11 1.3380e+11 1.0568e+11
[37] 8.2421e+10 1.3035e+11 1.7439e+11 1.7677e+11 2.8859e+11 1.6531e+11
[43] 4.7597e+11 1.9069e+11 3.8477e+10 3.0287e+11 1.2828e+11 1.1914e+11
[49] 4.9450e+11
> carto$cartogram[[10]]
MULTIPOLYGON (((-950884 -37173, -950793 -37792, -950914 -38267, -950836 -38454, -950944 -38905, -951295 -39594, -951697 -40075, -952143 -40442, -952660 -40857, -952931 -41037, -953335 -41140, -953456 -40881, -953428 -40647, -953579 -40539, -953688 -40313, -953795 -39893, -953546 -39120, -953417 -38496, -954022 -38894, -954496 -38619, -954680 -38276, -955190 -38199, -955310 -37615, -955784 -37607, -956032 -37174, -956125 -36600, -956435 -36265, -956464 -36121, -956384 -35779, -956297 -35383, -956015 -34919, -956070 -34720, -956078 -34436, -956162 -34301, -956169 -33981, -956158 -33718, -956108 -33455, -955942 -33286, -955324 -32672, -955129 -32144, -954636 -31846, -954513 -31440, -955192 -30889, -955498 -30540, -955184 -29817, -954655 -29409, -955376 -28459, -955023 -27988, -955130 -27755, -955335 -27503, -955625 -27329, -953402 -25381, -953172 -24704, -953315 -24127, -953210 -23905, -953202 -23501, -952649 -22346, -952972 -22232, -952859 -21800, -953249 -21432, -953293 -21369, -953226 -21063, -952955 -20295, -952779 -19866, -952703 -19465, -953147 -19387, -953052 -18442, -953325 -18294, -953269 -18006, -953152 -17783, -952814 -17373, -952717 -17059, -952984 -16936, -953251 -16850, -953524 -16783, -953732 -16904, -953838 -16896, -954018 -16676, -954200 -16574, -954237 -16374, -954237 -16207, -954308 -16063, -954343 -15881, -954508 -15758, -954838 -15575, -955079 -15428, -955445 -15398, -955759 -15262, -955993 -15157, -956085 -14927, -956377 -14928, -956611 -15056, -956784 -15158, -957106 -15343, -957407 -15440, -957444 -15447, -957652 -15550, -958079 -15833, -958538 -16071, -958886 -16286, -959169 -16487, -959771 -16727, -960394 -17142, -961060 -17445, -961193 -17232, -961413 -17001, -960909 -16626, -960848 -15859, -960825 -15489, -961073 -15323, -961397 -14972, -961364 -14715, -961578 -14609, -961864 -14601, -962087 -14640, -962483 -14550, -962670 -14509, -962851 -14549, -963185 -14574, -963150 -14232, -963160 -13890, -963320 -13766, -963601 -13712, -963626 -13427, -963918 -13358, -963989 -13088, -963928 -12906, -963902 -12738, -963968 -12523, -963857 -12157, -963866 -12037, -964196 -11841, -964379 -11662, -964127 -11358, -964010 -11200, -963886 -11008, -963771 -10870, -963859 -10827, -963924 -10788, -963994 -10568, -964187 -10365, -964294 -10255, -964275 -10065, -964203 -9845.7, -964278 -9652.8, -964213 -9492.9, -964204 -9292.5, -964136 -9070.3, -964021 -8956.6, -963615 -8936.1, -963387 -8852.1, -963233 -8742.8, -963104 -8773.5, -962987 -8803.9, -962922 -8826.8, -962757 -8827, -962628 -8842.4, -962462 -8727.4, -962299 -8589.8, -962111 -8566.2, -961800 -8499.1, -961718 -8476.9, -961551 -8351.4, -961333 -8025, -961351 -7573, -961247 -7519.3, -961066 -7409.4, -960973 -7090.6, -960845 -6719.2, -960653 -6429.6, -960589 -6175.3, -960304 -5920.7, -960040 -5407.1, -960189 -5061.5, -959980 -4660.8, -959911 -4301.7, -960034 -4036.7, -959580 -3472.6, -959780 -2874.6, -960061 -2996.2, -960916 -2973, -960835 -2686.5, -960744 -2458, -960980 -2202.1, -961312 -2122.4, -961867 -1637.7, -960966 -887.18, -961089 -576.95, -963108 -724.13, -963227 -554.84, -963526 -263.02, -963594 233.31, -962856 914.04, -963577 882.27, -963819 1107, -963842 1692.5, -963466 2227.5, -963594 2592.5, -964234 3084.6, -964800 3628.5, -965228 4222, -965604 5014.3, -966351 5234.6, -966575 5420.7, -966649 5679.9, -966598 6007.3, -966525 6233.6, -966126 6255.5, -965845 6469.9, -966014 6743.8, -966488 7023.8, -966643 7353.2, -966946 7656.9, -967081 8076, -967581 8353.4, -967806 8608.8, -967632 8970.9, -967589 9222.9, -967146 9537.3, -966774 9690, -967050 10139, -966727 10332, -966583 10623, -966388 10876, -966525 11228, -966901 11557, -967255 11625, -968185 11720, -968115 11965, -967709 12236, -967040 12458, -967260 12681, -967705 12776, -967367 13260, -967743 13487, -967026 13922, -966998 14189, -966160 14492, -965824 14795, -965817 15345, -965920 15664, -965844 15922, -965449 16107, -965949 16200, -966849 16148, -967772 16062, -968269 16177, -968732 16110, -969067 16177, -968831 16307, -968728 16433, -968548 16537, -968491 16618, -968525 16699, -968447 16767, -968281 16858, -968158 16966, -968012 17049, -967860 17117, -967734 17209, -967412 17556, -967282 17840, -966746 18115, -966357 18270, -965894 18406, -966054 18890, -966666 19472, -967608 19433, -967907 19626, -968439 19813, -969308 19758, -969821 19707, -970381 19761, -970932 19811, -971009 19869, -970925 19938, -970622 20057, -970595 20206, -970593 20369, -970312 20500, -970122 20721, -970288 20828, -970524 20943, -970842 20987, -970955 21093, -971145 21135, -971065 21340, -971242 21495, -971451 21621, -971497 21676, -971369 21851, -971409 22098, -971297 22216, -971281 22434, -971552 22474, -972060 22405, -972298 22340, -972877 22274, -973213 22323, -973212 22471, -973171 22747, -973749 22734, -974109 22850, -974396 22787, -974617 22637, -974761 22560, -975185 22501, -975958 22508, -976159 22134, -976944 21822, -976688 21540, -976866 20952, -977617 20797, -978367 20667, -979306 20300, -980495 20038, -981074 19625, -981732 19346, -981895 18979, -982432 18773, -983589 18588, -984631 18528, -985298 18117, -985804 17622, -986825 17582, -987901 17457, -988941 17355, -989430 17088, -990407 17019, -991237 17286, -992322 17467, -992871 17395, -993136 17149, -993133 16684, -993592 16391, -994159 16032, -994459 15689, -995110 15551, -995274 15306, -996132 15199, -996916 15165, -997391 14939, -997836 14885, -998099 14900, -998547 14794, -999194 14663, -999624 14665, -999935 14642, -1000298 14830, -1000295 15021, -1000381 15098, -1000768 15171, -1000771 15349, -1000930 15664, -1001209 15967, -1001935 16292, -1002645 16477, -1003832 16723, -1004241 17129, -1004254 17498, -1004584 17722, -1005180 18005, -1005844 18101, -1005726 18348, -1005436 18617, -1005194 18733, -1006215 18863, -1006760 18786, -1007169 18772, -1007331 18726, -1007921 18665, -1008429 18865, -1009561 19286, -1011022 19033, -1012029 18992, -1011986 19158, -1011709 19239, -1011138 19530, -1011140 19924, -1010368 20273, -1009506 20603, -1009833 20994, -1010431 21305, -1010470 21800, -1010151 21858, -1009153 21830, -1008904 22108, -1007770 22015, -1006891 22214, -1006107 22571, -1006031 22713, -1005898 22924, -1006047 23085, -1006657 23230, -1006318 23329, -1005540 23572, -1005161 23907, -1005386 24271, -1005634 24539, -1006640 24713, -1006767 24902, -1007615 25305, -1007493 25566, -1007262 25801, -1007891 26073, -1008325 26445, -1007878 26664, -1007367 26847, -1006651 26942, -1006291 27239, -1005726 27467, -1005477 27717, -1004965 27918, -1004122 28091, -1004181 28246, -1003702 28594, -1003066 28737, -1002444 28786, -1001946 28821, -1001124 28634, -1000959 28760, -1000371 28849, -999405 28993, -998657 28992, -998028 28817, -997454 28632, -997163 28579, -996841 28849, -996618 29142, -995978 29215, -995621 29431, -995172 29655, -995346 29932, -995319 30253, -995868 30375, -996281 30706, -996185 31039, -996678 31383, -996787 31652, -996116 31854, -995367 32086, -994634 32359, -994715 32648, -994922 32941, -995668 33240, -996385 33368, -997075 33415, -997431 33699, -998057 33736, -998787 33652, -999233 33897, -999292 34024, -999046 34210, -998767 34244, -998372 34320, -998141 34439, -998175 34619, -998206 34796, -998294 34978, -998600 35010, -998975 34944, -999242 34963, -999818 35046, -999830 35224, -999829 35350, -999609 35466, -999392 35465, -999138 35533, -998971 35585, -998758 35719, -998666 35830, -998151 35880, -997634 35921, -997273 36057, -997177 36060, -996842 36158, -996850 36269, -996988 36422, -996897 36627, -996641 36624, -996192 36658, -995918 36948, -995747 37201, -995885 37466, -996013 37603, -996293 37727, -996328 37942, -997129 37987, -997507 38124, -997774 38226, -998151 38227, -998584 38347, -998931 38452, -999082 38596, -998772 38813, -998882 38929, -999017 39125, -999022 39370, -998723 39452, -998464 39510, -998157 39552, -998143 39669, -998052 39836, -997968 40038, -997686 40015, -997211 39936, -996877 39996, -996364 39987, -996025 39888, -995817 39758, -995638 39693, -995148 39761, -994813 39828, -994593 39879, -994080 39981, -993758 39897, -993360 39858, -993295 40051, -993144 40281, -993062 40461, -992931 40618, -992766 40823, -992710 40982, -992535 41154, -992694 41300, -992801 41408, -992861 41571, -992483 41753, -992364 42000, -992287 42362, -992331 42623, -992526 42674, -992959 42840, -993213 43001, -993091 43276, -993094 43626, -992661 43880, -991668 43788, -990510 43948, -989803 44253, -989715 44651, -989772 44970, -989386 45369, -988653 45788, -988334 46060, -987759 46390, -987494 46746, -987214 47110, -986926 47419, -987139 47797, -987206 48125, -987281 48357, -986476 48650, -985909 48893, -985364 48990, -984721 49200, -984006 49544, -983664 50109, -982868 50262, -982668 50435, -983010 50590, -983406 50806, -982969 51219, -982901 51548, -983478 51757, -983748 52071, -983615 52653, -983471 53198, -983038 53247, -982659 53298, -982124 53346, -981676 53175, -981372 53204, -980853 53295, -980332 53280, -979818 53408, -979564 53520, -979069 53813, -979222 54167, -979144 54529, -978679 54850, -978659 55065, -978666 55371, -978243 55533, -977942 55784, -977755 56001, -977414 56161, -977040 56399, -977155 56595, -977337 56928, -977495 57086, -977489 57247, -977144 57302, -976704 57474, -976385 57819, -976055 57963, -975873 58292, -975923 58551, -975628 58713, -975408 59001, -975264 59270, -975057 59555, -974868 59950, -975064 60342, -975309 60666, -975360 60721, -975996 60831, -976814 61295, -977171 61263, -977756 61280, -978246 61238, -978644 61040, -979113 61204, -980008 61010, -980428 61107, -980666 60886, -981499 61134, -981992 61001, -982607 60905, -982983 60774, -983657 60670, -983940 60425, -984529 60003, -985303 59867, -985889 59900, -986456 59993, -987130 60311, -987288 60505, -988219 60471, -988994 60634, -989541 60974, -989981 61184, -990267 61013, -990940 60978, -991398 60907, -991751 60841, -992221 60958, -992837 60698, -993421 60580, -993830 60584, -994073 60619, -994535 60789, -995181 60959, -995226 61370, -994989 61683, -995053 61915, -995563 62137, -996048 62238, -996477 62305, -996635 62630, -996183 62815, -996139 63029, -996474 63022, -996601 63137, -996504 63385, -995900 63592, -995187 63843, -994903 64232, -994683 64635, -994628 65199, -994981 65375, -995199 65476, -995450 65817, -995874 66021, -995816 66315, -995989 66614, -996660 66794, -996915 67076, -997533 67018, -997831 67077, -998247 67226, -998813 67167, -999362 67467, -999678 67130, -999745 66963, -1000339 66747, -1000397 66469, -1000672 66170, -1001069 66034, -1001596 66064, -1002121 66103, -1002994 66032, -1003378 65718, -1003791 65351, -1004140 65332, -1004562 65372, -1004774 65450, -1005084 65580, -1004997 65941, -1005720 66129, -1005856 66224, -1006055 66410, -1006201 66639, -1005990 66776, -1005662 66998, -1005647 67221, -1005308 67466, -1005078 67595, -1004748 67689, -1004445 67899, -1004281 68009, -1004284 68120, -1004141 68211, -1004030 68372, -1004034 68650, -1003985 68959, -1003953 69008, -1003799 69161, -1004064 69350, -1004324 69546, -1004545 69791, -1004670 69967, -1004926 69993, -1004977 70521, -1004858 70778, -1005126 70758, -1005648 70673, -1006047 70701, -1006305 70940, -1006549 71155, -1006959 71136, -1007653 71300, -1008011 71471, -1008068 71721, -1008288 72117, -1008991 72437, -1009146 72703, -1009466 72872, -1009651 73140, -1009735 73594, -1009972 73921, -1010617 73866, -1012174 73420, -1012145 74700, -1013663 75518, -1013966 76571, -1013779 76842, -1013754 77219, -1014683 77810, -1014973 77993, -1015035 78377, -1013783 79232, -1013715 79714, -1013893 80457, -1013763 81065, -1013328 81389, -1012734 81737, -1013232 82451, -1013919 82938, -1015185 83673, -1015379 84363, -1015945 84688, -1016447 85388, -1016727 85927, -1017175 86502, -1017637 87401, -1018735 88087, -1019533 88426, -1021033 88298, -1021008 89204, -1021466 89677, -1022155 90764, -1022254 92017, -1022430 93519, -1022776 94662, -1023466 95795, -1024632 96612, -1025776 98320, -1026447 99594, -1026614 101054, -1026851 102042, -1028087 102429, -1028860 103644, -1029749 105368, -1030605 106819, -1032344 108299, -1033911 109033, -1034547 110293, -1034625 111525, -1035022 112464, -1036082 112914, -1037160 113788, -1037659 113989, -1037642 115292, -1037307 116678, -1037857 118040, -1038581 118737, -1039016 119546, -1039466 120562, -1039121 121816, -1040543 122878, -1042384 123480, -1043549 124441, -1045166 125021, -1045856 125216, -1046613 126703, -1047723 127724, -1049304 128096, -1049343 128625, -1049953 129367, -1050957 129244, -1051524 129954, -1051591 130055, -1051714 130227, -1052368 130711, -1053924 132169, -1054063 132312, -1054669 132975, -1054921 134399, -1055985 136837, -1056412 137175, -1056780 139361, -1057788 139998, -1058251 140317, -1058560 141722, -1059763 142611, -1059997 143029, -1060212 143483, -1061276 144414, -1062339 144635, -1063456 144901, -1063676 145423, -1063841 146444, -1064652 147982, -1066080 148801, -1066011 149169, -1067097 150510, -1068725 151248, -1069605 152682, -1070632 153202, -1072108 153403, -1071719 154972, -1071006 155156, -1069581 155354, -1068370 155126, -1067611 155127, -1067402 155173, -1066149 154250, -1065171 153867, -1064419 153670, -1063558 153720, -1062900 154741, -1062577 155515, -1063937 155962, -1065036 156461, -1065622 157799, -1066515 157869, -1066799 157783, -1067227 159516, -1068268 160893, -1068969 162201, -1068953 162887, -1067974 163300, -1068809 164001, -1070204 164692, -1071362 165575, -1072219 166450, -1072424 166962, -1072452 167451, -1072151 167566, -1071216 168205, -1070008 168533, -1069561 168889, -1068904 168603, -1068518 169523, -1067891 169735, -1067544 169811, -1067992 170863, -1068319 172100, -1068018 172739, -1068499 173942, -1069705 175242, -1071100 176983, -1071009 178575, -1070779 179452, -1070644 181028, -1070521 181861, -1071220 183181, -1072108 184241, -1073450 185587, -1073964 185648, -1074539 186024, -1075295 188236, -1075136 188611, -1076204 190442, -1077047 191307, -1077969 191446, -1078471 191345, -1079326 192505, -1079409 193528, -1079803 194511, -1080370 195524, -1080375 196725, -1080589 198270, -1080476 198599, -1080480 199068, -1080796 199946, -1081349 200719, -1082258 201640, -1082606 202222, -1083014 203178, -1083612 203715, -1084125 203660, -1084681 203653, -1085170 204471, -1086082 205364, -1086677 207032, -1087468 208350, -1087952 209366, -1088445 210094, -1088976 210952, -1090034 211883, -1089927 212864, -1090164 213551, -1090970 213967, -1091485 215106, -1092129 215830, -1092353 216756, -1092869 217539, -1093170 218089, -1093201 218415, -1093904 219876, -1094387 220715, -1094563 220928, -1095076 221883, -1095129 221831, -1095879 222283, -1096447 222968, -1096580 226228, -1096739 231508, -1096749 231979, -1096816 232638, -1096816 232743, -1096856 233806, -1096900 235023, -1096905 235252, -1097001 239645, -1097145 243583, -1097252 246560, -1097419 251818, -1097503 254880, -1097586 259536, -1097644 261051, -1097718 263009, -1097894 268189, -1097969 270854, -1098023 273630, -1098078 276880, -1098190 281618, -1098267 284666, -1098328 287125, -1098378 289187, -1098413 290636, -1098431 291398, -1098468 292951, -1098476 293240, -1098485 293745, -1098498 294855, -1098507 295197, -1098541 296469, -1098593 298808, -1098609 300049, -1098640 301409, -1098661 302315, -1098720 304631, -1098765 306887, -1098876 313085, -1098908 314987, -1098952 317767, -1098989 320056, -1099100 326177, -1099118 327436, -1099139 329241, -1099156 330282, -1099173 331285, -1099203 333057, -1099218 333932, -1099259 336607, -1099265 337003, -1099268 337005, -1101525 338018, -1108334 341073, -1111967 342692, -1113986 343610, -1117298 345081, -1118910 345797, -1121774 346991, -1128714 349945, -1130365 350658, -1130574 350748, -1131609 351194, -1138830 354284, -1144881 356844, -1147257 357843, -1148063 358163, -1153673 360492, -1164355 364845, -1166966 365885, -1167327 358743, -1167609 353077, -1167840 348913, -1168057 344978, -1168089 344396, -1168148 343324, -1168312 340332, -1168443 337943, -1168684 332815, -1168730 331923, -1168751 331523, -1168942 327849, -1169145 324531, -1169191 323723, -1169257 322313, -1169321 321039, -1169444 318548, -1169497 317471, -1169514 317125, -1169592 315512, -1169688 313520, -1169860 309843, -1169888 309116, -1169933 308000, -1169973 306985, -1170055 304958, -1170087 304112, -1170125 303174, -1170133 302766, -1170163 302087, -1170202 300974, -1170250 299580, -1170299 298145, -1170369 296511, -1170476 294490, -1170541 293215, -1170594 292168, -1170669 290609, -1170688 290221, -1170721 289560, -1170804 287889, -1170848 286927, -1170988 284097, -1171158 280380, -1171218 279187, -1171241 278695, -1171265 278310, -1171289 277932, -1171344 277060, -1171349 276979, -1171352 276837, -1171362 276578, -1171368 276414, -1171380 276190, -1171385 276062, -1171394 275809, -1171413 275289, -1171436 274795, -1171516 273239, -1171639 270776, -1171700 268996, -1171825 264790, -1171859 264247, -1171895 262316, -1171903 262024, -1171965 259701, -1172026 257458, -1172060 256301, -1172110 254266, -1172152 251399, -1172185 249424, -1172208 247999, -1172237 246372, -1172252 245601, -1172269 244635, -1172272 244476, -1172283 244356, -1172283 243685, -1172282 242417, -1172317 239986, -1172303 239216, -1172320 236910, -1172332 235210, -1172338 234383, -1172377 233025, -1172394 232468, -1172364 231043, -1172362 230784, -1172335 229939, -1172334 228745, -1172341 227641, -1172346 226943, -1172328 226404, -1172330 226260, -1172341 226004, -1172342 225939, -1172336 225743, -1172340 224732, -1172333 223980, -1172318 223550, -1172312 223190, -1172311 222053, -1172309 221421, -1172286 218130, -1172263 215718, -1172247 214174, -1172233 213131, -1172252 211949, -1172248 211371, -1172167 208970, -1172154 208386, -1172124 206810, -1172055 203876, -1172005 200518, -1171973 198813, -1171929 196505, -1171910 195731, -1171896 195172, -1171876 194228, -1171863 192676, -1171810 191278, -1171690 186795, -1171629 184555, -1171550 181860, -1171532 181280, -1171443 178854, -1171430 178523, -1171300 175041, -1171128 171097, -1171071 169578, -1170939 166892, -1170853 165041, -1170791 163920, -1170758 163240, -1170661 161233, -1170551 159099, -1170480 157768, -1170435 156895, -1170282 154279, -1170191 152864, -1170134 151992, -1170059 150888, -1170019 150288, -1169925 148898, -1169762 146547, -1169682 145396, -1169671 145226, -1169538 143379, -1169423 141830, -1169298 140076, -1169133 137972, -1169111 137730, -1169035 136868, -1169027 136522, -1168999 136196, -1168973 135854, -1168982 135790, -1168962 135610, -1168910 135177, -1168860 134724, -1168775 133713, -1168706 132910, -1168502 130522, -1168360 128896, -1168235 127652, -1168184 127160, -1168174 127067, -1168074 126107, -1167919 124636, -1167847 123973, -1167766 123170, -1167626 121779, -1167414 119748, -1167236 118090, -1167091 116784, -1166968 115701, -1166795 114241, -1166640 112957, -1166583 112499, -1166387 110922, -1166140 108989, -1165890 107114, -1165296 102834, -1164924 100288, -1164512 97590, -1164440 97156, -1164377 96754, -1164134 96354, -1163767 95514, -1163840 94745, -1163942 94224, -1164056 93681, -1164186 92833, -1164347 92419, -1164941 92217, -1165374 91978, -1165476 91724, -1165338 90956, -1164981 90087, -1164174 89312, -1162941 88557, -1161835 87687, -1161416 86905, -1161259 86030, -1160807 85115, -1159936 84175, -1159286 83644, -1158664 83213, -1158018 82622, -1157557 82007, -1157680 81187, -1157850 80882, -1157216 79935, -1156108 78812, -1155302 77741, -1154534 76332, -1154209 74624, -1154687 73435, -1153631 72191, -1152548 71019, -1152057 70221, -1150889 69234, -1150801 68239, -1151488 67859, -1151278 66884, -1151989 66452, -1152466 66279, -1152465 65565, -1152627 65174, -1152995 64699, -1154552 65083, -1154607 64191, -1153090 63061, -1152063 62216, -1151315 61149, -1151099 60354, -1150736 59887, -1150265 59333, -1150162 58669, -1149515 57691, -1149132 56528, -1149016 56129, -1148855 55920, -1148878 55931, -1148783 55799, -1148335 55227, -1147815 54774, -1147172 54197, -1147095 53854, -1147209 53634, -1146899 52947, -1146048 52536, -1145792 52225, -1145753 51899, -1145740 51525, -1145591 51157, -1145372 50356, -1145099 49664, -1144797 49200, -1144539 48806, -1143919 48224, -1143167 47443, -1142316 46860, -1141439 46157, -1141148 45755, -1140884 45344, -1140325 44920, -1140226 44604, -1140197 44556, -1140026 44274, -1139810 43757, -1139807 43566, -1139873 43474, -1139923 43364, -1139931 43318, -1139727 42902, -1139515 42627, -1139373 42544, -1139029 42406, -1138898 42294, -1138578 42051, -1138430 41927, -1138333 41844, -1138136 41779, -1137887 41739, -1137492 41735, -1137085 41792, -1136896 41849, -1136771 41875, -1136664 41890, -1136386 41890, -1135747 41729, -1135499 41628, -1135354 41619, -1135234 41608, -1134836 41470, -1134457 41183, -1134222 41046, -1133959 40887, -1133857 40569, -1133795 40396, -1133489 40112, -1133363 39869, -1133239 39566, -1133019 39196, -1132766 38957, -1132504 38720, -1132290 38507, -1131918 38276, -1131614 38201, -1131299 38121, -1131092 38079, -1130779 38059, -1130677 38060, -1130543 38100, -1130051 38104, -1129845 38023, -1129784 37947, -1129623 37862, -1129529 37846, -1129268 37814, -1128996 37723, -1128667 37623, -1128470 37547, -1128433 37524, -1128362 37483, -1128224 37436, -1127968 37369, -1127934 37357, -1127874 37326, -1127558 37056, -1127407 36886, -1127309 36827, -1127042 36625, -1126863 36442, -1126717 36358, -1126563 36274, -1126467 36231, -1126381 36154, -1126253 35983, -1126046 35773, -1125686 35559, -1125298 35359, -1125245 35211, -1125151 35076, -1125024 34849, -1124948 34679, -1124868 34487, -1124876 34233, -1124977 34106, -1125009 33927, -1125085 33745, -1125128 33646, -1125165 33558, -1125162 33483, -1125155 33440, -1125183 33236, -1125207 33129, -1125206 32968, -1125230 32767, -1125261 32653, -1125272 32601, -1125242 32426, -1125268 32372, -1125171 32219, -1125097 32103, -1125018 31981, -1125010 31884, -1124880 31717, -1124820 31647, -1124699 31531, -1124586 31475, -1124511 31440, -1124386 31347, -1124314 31271, -1124228 31176, -1124156 31077, -1124123 31007, -1124077 30909, -1124008 30840, -1123894 30734, -1123870 30647, -1123825 30613, -1123664 30501, -1123617 30456, -1123484 30370, -1123319 30251, -1123205 30132, -1122998 29863, -1123027 29747, -1123078 29654, -1122996 29582, -1122919 29544, -1122878 29517, -1122827 29412, -1122873 29273, -1122929 29136, -1122825 29025, -1122594 28973, -1122393 28838, -1122354 28791, -1122434 28657, -1122444 28574, -1122349 28396, -1122177 28275, -1122092 28206, -1122055 28070, -1122098 27930, -1122189 27667, -1122206 27586, -1122311 27455, -1122422 27396, -1122609 27282, -1122738 27211, -1122811 27173, -1122891 27148, -1123036 27100, -1123108 27046, -1123344 27009, -1123529 26920, -1123591 26849, -1123619 26785, -1123593 26742, -1123517 26662, -1123664 26513, -1123794 26499, -1124003 26482, -1124225 26422, -1124351 26396, -1124490 26342, -1124674 26285, -1124870 26228, -1124990 26157, -1124989 26048, -1125061 25963, -1125384 25845, -1125490 25828, -1125742 25858, -1126074 25895, -1126291 25851, -1126409 25824, -1126562 25749, -1126594 25706, -1126523 25651, -1126345 25505, -1126423 25441, -1126486 25436, -1126571 25366, -1126603 25285, -1126782 25167, -1126937 25109, -1127044 24991, -1127106 24811, -1127219 24721, -1127324 24597, -1127436 24542, -1127542 24519, -1127649 24457, -1127709 24363, -1127797 24272, -1128003 24149, -1128112 24098, -1128326 24035, -1128499 23989, -1128655 23982, -1128737 23947, -1128815 23871, -1128841 23834, -1128856 23791, -1128838 23736, -1128745 23654, -1128679 23585, -1128691 23477, -1128805 23290, -1128872 23219, -1128976 23093, -1129053 22989, -1129122 22892, -1129215 22801, -1129204 22682, -1129139 22488, -1129144 22307, -1129189 22198, -1129195 22164, -1129214 22007, -1129476 21937, -1129557 21933, -1129750 21911, -1129877 21866, -1129947 21827, -1130036 21770, -1130101 21736, -1130206 21713, -1130292 21699, -1130392 21687, -1130480 21672, -1130649 21631, -1130821 21574, -1130929 21538, -1131051 21457, -1131134 21404, -1131270 21369, -1131353 21346, -1131458 21245, -1131532 21124, -1131610 20995, -1131673 20880, -1131798 20699, -1131850 20629, -1131926 20521, -1131966 20489, -1132055 20387, -1132103 20326, -1132129 20294, -1132189 20210, -1132264 20096, -1132586 19959, -1132978 19833, -1133024 19816, -1133163 19762, -1133322 19722, -1133376 19703, -1133562 19631, -1133734 19566, -1133801 19496, -1133971 19440, -1134034 19376, -1134069 19299, -1134146 19261, -1134292 19173, -1134380 19076, -1134416 19035, -1134483 18960, -1134624 18868, -1134749 18757, -1134902 18683, -1134970 18632, -1135157 18512, -1135342 18425, -1135424 18334, -1135496 18267, -1135526 18246, -1135653 18158, -1135706 18122, -1135736 18102, -1135820 18047, -1135918 17983, -1136046 17896, -1136238 17778, -1136445 17651, -1136539 17559, -1136677 17445, -1136723 17403, -1137116 17121, -1137242 17042, -1137444 16858, -1137554 16770, -1137587 16742, -1137767 16648, -1137954 16333, -1137958 16112, -1138007 16006, -1138016 15888, -1138039 15735, -1138102 15376, -1138132 15259, -1138141 15220, -1138163 15114, -1138192 15041, -1138274 14862, -1138319 14786, -1138430 14628, -1138744 14447, -1138943 14385, -1139254 14330, -1139322 14281, -1139545 14191, -1139753 14013, -1139953 13818, -1140089 13623, -1140237 13414, -1140475 13290, -1140548 13134, -1140714 12830, -1140870 12606, -1141052 12479, -1141146 12385, -1141191 12317, -1141223 12227, -1141246 12005, -1141285 11801, -1141389 11629, -1141676 11337, -1141836 11183, -1142087 10876, -1142382 10621, -1142560 10440, -1142671 10195, -1142710 10065, -1142878 9793.5, -1143065 9623.8, -1143163 9382.7, -1143285 9128.3, -1144051 8926.5, -1144414 8690.7, -1144493 8493.7, -1144944 8336.4, -1145407 8037.2, -1146061 7942.4, -1146538 7778.4, -1146683 7698.8, -1147046 7357.2, -1147175 6919.2, -1147211 6729.4, -1147482 6580.8, -1147737 6454.3, -1147918 6320.9, -1148015 6286.5, -1148402 6044.9, -1148761 5917.7, -1149108 5797.2, -1149331 5773.3, -1149587 5677.1, -1149965 5490.8, -1150192 5401.3, -1150607 5349.7, -1150965 5317.4, -1151136 5282.2, -1151232 5193.6, -1151395 5082.2, -1151529 5034.3, -1151591 5000.4, -1151594 4913, -1151509 4723.8, -1151673 4479.7, -1151643 4046.8, -1151755 3969.8, -1151966 3822.5, -1152125 3711.1, -1152417 3515.3, -1152709 3191.5, -1152718 3103, -1152569 2953.4, -1152201 2752.6, -1151843 2902.9, -1151758 3034.4, -1151583 3154.4, -1151174 3138, -1151019 3108.9, -1150961 2868.3, -1151091 2805.1, -1151197 2721.4, -1151387 2616.8, -1151430 2595.4, -1151504 2548.8, -1152216 2451.1, -1152492 2326.7, -1152302 1769.7, -1152154 1585.4, -1151841 1208.9, -1151768 956.55, -1151840 712.63, -1152148 546.64, -1152221 394.59, -1152270 309.55, -1152663 -99.13, -1152888 -244.99, -1153079 -390.7, -1153342 -720.87, -1153517 -962.52, -1153776 -1174.6, -1154148 -1374.9, -1154589 -1563, -1155020 -1580.2, -1155542 -1844.6, -1155989 -1921, -1156312 -1827.2, -1156463 -1844.7, -1156541 -1931.2, -1156437 -2082.3, -1156453 -2167.2, -1156521 -2266.5, -1156644 -2395.9, -1156736 -2447.9, -1156765 -2486.2, -1156836 -2621.3, -1157145 -2627.2, -1157238 -2680.3, -1157442 -2812.3, -1158082 -3224.8, -1158305 -3383.3, -1158633 -3486.2, -1159029 -3662.3, -1159171 -3802.7, -1159228 -4058.2, -1159126 -4268.3, -1159248 -4408.8, -1159614 -4516.1, -1160219 -4549.6, -1160577 -4556.4, -1160858 -4521.5, -1161277 -4504.5, -1161684 -4468.4, -1161959 -4529, -1162177 -4624.6, -1162455 -4678.4, -1162649 -4724.1, -1162861 -4768.5, -1163107 -4814.2, -1163500 -4846, -1163751 -4853.5, -1164142 -4776, -1164406 -4686, -1164694 -4629.4, -1164994 -4785.5, -1165492 -4708.5, -1165851 -4684.8, -1166152 -4671.2, -1166931 -4797.7, -1167225 -5171.6, -1167442 -5160.6, -1167796 -5148.9, -1168059 -5279.1, -1168017 -5524.7, -1168227 -5867, -1168228 -6040.1, -1168237 -6124, -1168988 -6235.4, -1169521 -6589.1, -1169646 -6685.2, -1169660 -6911.2, -1169622 -7052.9, -1169699 -7154.4, -1169849 -7263.2, -1170304 -7283.3, -1170903 -7418.2, -1170986 -7664.1, -1171000 -7891.3, -1171078 -8082.2, -1171284 -8352.7, -1172062 -8832.1, -1172559 -8845, -1173144 -9298, -1173179 -9426, -1173370 -9700.5, -1173400 -9783.1, -1173603 -10175, -1173731 -10525, -1174340 -10665, -1175132 -10725, -1175434 -10929, -1175248 -11164, -1175135 -11341, -1175169 -11440, -1175226 -11546, -1175488 -11910, -1175827 -12134, -1176092 -12246, -1176555 -12342, -1177173 -12311, -1177426 -12235, -1177716 -12206, -1178318 -12149, -1178726 -12347, -1179056 -12702, -1179264 -12867, -1179429 -12952, -1179714 -13076, -1179899 -13116, -1180408 -13210, -1180966 -13057, -1181490 -13019, -1181720 -13228, -1181490 -13611, -1181425 -13946, -1181269 -14128, -1181194 -14260, -1181112 -14664, -1181281 -14966, -1181230 -15133, -1181282 -15301, -1181318 -15529, -1181289 -15602, -1181389 -15693, -1181496 -15763, -1181564 -15819, -1181877 -15908, -1181976 -16029, -1182156 -16204, -1182327 -16318, -1182633 -16357, -1182843 -16407, -1183105 -16422, -1183528 -16421, -1183572 -16623, -1183271 -17069, -1183142 -17311, -1183118 -17430, -1183115 -17496, -1183076 -17541, -1182698 -17842, -1182288 -18096, -1181863 -18442, -1181341 -18720, -1180944 -19106, -1180606 -19305, -1180455 -19415, -1180105 -19867, -1180062 -19983, -1180208 -20207, -1180376 -20262, -1180588 -20267, -1180889 -20465, -1180958 -20606, -1181171 -20725, -1181928 -20686, -1182383 -20875, -1182607 -21126, -1181795 -21855, -1181359 -22256, -1180379 -22917, -1179630 -23348, -1179141 -23686, -1178217 -23992, -1176790 -24235, -1176182 -23901, -1174953 -23797, -1174089 -24255, -1173722 -24864, -1173533 -25222, -1172583 -25939, -1171710 -26634, -1171625 -26837, -1171247 -27148, -1170887 -27156, -1170738 -26962, -1170491 -26664, -1169865 -26601, -1169379 -26758, -1168577 -27070, -1168077 -27201, -1167049 -27499, -1166499 -27743, -1166313 -27894, -1166273 -28335, -1166179 -29004, -1166411 -29811, -1164955 -30600, -1164421 -30629, -1163590 -31049, -1162787 -31671, -1162009 -32363, -1162220 -33193, -1162488 -33433, -1163213 -33920, -1163621 -34202, -1164101 -34374, -1164161 -34692, -1165145 -35141, -1166003 -35009, -1166611 -34868, -1167101 -34877, -1167236 -35001, -1167201 -35268, -1167208 -35730, -1167137 -36193, -1167179 -36517, -1167077 -36744, -1166139 -37253, -1165898 -37515, -1165563 -37752, -1164951 -38496, -1164993 -38847, -1165376 -39253, -1165558 -39456, -1165249 -39864, -1165210 -40314, -1166100 -40158, -1166446 -40049, -1166760 -40041, -1167075 -40169, -1167385 -40059, -1167596 -40153, -1167438 -40327, -1166894 -40627, -1166629 -40948, -1167392 -41037, -1166720 -41319, -1166827 -41649, -1167246 -41871, -1167131 -42229, -1166712 -42674, -1166841 -42977, -1167160 -43073, -1167625 -42950, -1168046 -42895, -1167962 -43209, -1167836 -43583, -1167821 -43905, -1168090 -44227, -1168345 -44503, -1168356 -44661, -1168309 -44795, -1168648 -45127, -1169101 -45040, -1169458 -44949, -1170679 -44819, -1170680 -45070, -1170080 -45587, -1170158 -45792, -1170884 -45597, -1171518 -45824, -1171378 -46168, -1170903 -46591, -1171065 -46992, -1171230 -47226, -1171264 -48049, -1171304 -49020, -1171317 -49524, -1171336 -49989, -1171400 -50874, -1171414 -51314, -1171431 -51783, -1171445 -52118, -1171463 -52604, -1171473 -52862, -1171484 -53426, -1171506 -53756, -1171521 -54150, -1171537 -54512, -1171589 -55929, -1171592 -56229, -1171615 -56715, -1171621 -56969, -1171646 -57581, -1171659 -58007, -1171670 -58282, -1171677 -58585, -1171683 -58838, -1171690 -59089, -1171732 -59779, -1171804 -62101, -1171837 -63049, -1171870 -63883, -1171961 -66300, -1172108 -69633, -1172312 -73532, -1172493 -76663, -1172572 -77827, -1172648 -78947, -1173005 -83379, -1173084 -84335, -1173169 -85221, -1173377 -87465, -1173625 -89913, -1173923 -92490, -1174136 -94330, -1174393 -96393, -1174641 -98112, -1174848 -99546, -1175324 -102596, -1175707 -104974, -1175837 -105735, -1176433 -109034, -1176827 -111067, -1177219 -113021, -1177775 -115657, -1177983 -116643, -1178824 -120459, -1178990 -121202, -1180411 -127477, -1181062 -130348, -1181955 -134287, -1182897 -138489, -1183258 -140127, -1183730 -142245, -1184348 -145093, -1184937 -147914, -1185557 -150984, -1186467 -155743, -1186613 -156535, -1186990 -158658, -1188048 -165126, -1188410 -167328, -1189431 -174374, -1189999 -178681, -1190223 -180454, -1190699 -184321, -1191303 -189704, -1191721 -193576, -1192693 -204357, -1193253 -211658, -1193458 -214546, -1191657 -215715, -1188678 -217166, -1186990 -217988, -1184205 -219254, -1181900 -220239, -1180919 -220651, -1178639 -221549, -1174918 -222946, -1173153 -223492, -1172375 -223690, -1170339 -224271, -1169798 -224477, -1169205 -224651, -1168592 -224820, -1166905 -225254, -1165312 -225642, -1163940 -225935, -1162324 -226085, -1159728 -226481, -1157400 -226734, -1155914 -226891, -1155224 -226959, -1154017 -227065, -1153094 -227136, -1150840 -227284, -1149362 -227349, -1148217 -227265, -1148124 -227260, -1147968 -227252, -1147723 -227237, -1145747 -227214, -1144018 -227204, -1142835 -227169, -1141225 -227304, -1138563 -227100, -1136240 -226863, -1135189 -226734, -1132520 -226360, -1131407 -226157, -1129257 -225933, -1126910 -225571, -1126108 -225441, -1123894 -225074, -1121416 -224645, -1119815 -224396, -1117548 -224002, -1117302 -223953, -1116387 -223753, -1115325 -223511, -1113838 -223319, -1112262 -223040, -1110032 -222654, -1108765 -222440, -1104992 -221830, -1103192 -221382, -1099477 -220367, -1096770 -219667, -1094579 -219359, -1093536 -219393, -1091413 -219567, -1088623 -219730, -1088082 -219755, -1087252 -219807, -1086789 -219827, -1085992 -219891, -1085636 -219938, -1084367 -219972, -1082211 -219959, -1080425 -219886, -1077998 -219772, -1076831 -219830, -1075754 -219892, -1073348 -220069, -1072357 -220151, -1071858 -220197, -1070367 -220345, -1070062 -220367, -1067432 -220635, -1064742 -220960, -1063729 -221096, -1061218 -221466, -1059124 -221845, -1056363 -222622, -1053137 -223831, -1051605 -224319, -1047628 -225076, -1045892 -225422, -1045754 -225465, -1041811 -226277, -1039802 -226778, -1037427 -227386, -1035494 -227872, -1032263 -228732, -1030409 -229193, -1028437 -229764, -1027439 -230055, -1025608 -230673, -1024406 -231058, -1022354 -231587, -1019724 -232402, -1017571 -233002, -1015331 -233702, -1013646 -234269, -1012347 -234698, -1010942 -235130, -1009815 -235519, -1007076 -236388, -1004401 -237253, -1002719 -237820, -999322 -238903, -997736 -239430, -996101 -239946, -995225 -240233, -993436 -240811, -992821 -241039, -992758 -241064, -991894 -241291, -991317 -241474, -990039 -241861, -987374 -242708, -986562 -242970, -984366 -243655, -982840 -244130, -980826 -244734, -977868 -245606, -976380 -246034, -975470 -246292, -972384 -247165, -970640 -247640, -968431 -248238, -966574 -248736, -960939 -250167, -960337 -250300, -958836 -250653, -958096 -250821, -956695 -251152, -955306 -252059, -953857 -252382, -951721 -252750, -950676 -252931, -948883 -253262, -946709 -253619, -944193 -254027, -942394 -254330, -940895 -254565, -940074 -254668, -939716 -254703, -939458 -254744, -938548 -254886, -937633 -255006, -936892 -255106, -935921 -255245, -934597 -255413, -933569 -255509, -933208 -255550, -931736 -255707, -930946 -255783, -929758 -255894, -926830 -256155, -921429 -256538, -918066 -256726, -916875 -256789, -912574 -256887, -909260 -256926, -904972 -256776, -904315 -256702, -903577 -256751, -900918 -256652, -899027 -256571, -895237 -256367, -891467 -256118, -889711 -255988, -887279 -255783, -885361 -255610, -883314 -255400, -881809 -255241, -879481 -254991, -876630 -254652, -875374 -254500, -874989 -253439, -874441 -251936, -874188 -251243, -873662 -249785, -873261 -248658, -872746 -247194, -872509 -246514, -872329 -245998, -872180 -245569, -871541 -243710, -871366 -243194, -871100 -242388, -870704 -241183, -870394 -240226, -870060 -239178, -869833 -238489, -869449 -237251, -868902 -235485, -868520 -234213, -868269 -233337, -868193 -233063, -868138 -232867, -868071 -232620, -868038 -232502, -867957 -232226, -867927 -232117, -867615 -231025, -866657 -227557, -866052 -225244, -865621 -223508, -865295 -222198, -864562 -219085, -864304 -217892, -864027 -216608, -863704 -215083, -863460 -213896, -862980 -211466, -862624 -209599, -862428 -208503, -862341 -208013, -861742 -204553, -861310 -201872, -860454 -195913, -859848 -191143, -859293 -185820, -859099 -183280, -858808 -178009, -858700 -175524, -858529 -169698, -858494 -165064, -858502 -163941, -858504 -163297, -858505 -162845, -858510 -162107, -858519 -161290, -858522 -160804, -858538 -160198, -858543 -159439, -858567 -158173, -858587 -157255, -858616 -156151, -858630 -155550, -858672 -154261, -858682 -153938, -858707 -153151, -858786 -151307, -858862 -149609, -858891 -149043, -858963 -147716, -858997 -147113, -859013 -146832, -859078 -145785, -859127 -145028, -859420 -140853, -860145 -132986, -861259 -123263, -862117 -116746, -862763 -112079, -863880 -104451, -864344 -101318, -864448 -100725, -864535 -100129, -864589 -99755, -864763 -98521, -864975 -96909, -865067 -96200, -865169 -95417, -865376 -93716, -865421 -93318, -865578 -91893, -865770 -90023, -865784 -89880, -865886 -88801, -865932 -88307, -866018 -87337, -866135 -86127, -866310 -84096, -866502 -81675, -866658 -79497, -866803 -77399, -866980 -74911, -867137 -72665, -867226 -71326, -867363 -69462, -867443 -68418, -867619 -67085, -867848 -63412, -868021 -60193, -868081 -59107, -868221 -57593, -868261 -56927, -868326 -55909, -868689 -50563, -868926 -47489, -868964 -47234, -869305 -42701, -869419 -40799, -869671 -37465, -869687 -37085, -869828 -35089, -870909 -34649, -872683 -33805, -873621 -33467, -874614 -32845, -875021 -32512, -875642 -31406, -875411 -31108, -875199 -30816, -876418 -30422, -876715 -29987, -878009 -29289, -878201 -28543, -879491 -27790, -880636 -27516, -881079 -27325, -881247 -26928, -881288 -26603, -881506 -26174, -881609 -25734, -881705 -25533, -881011 -25509, -880506 -25436, -880955 -25109, -881469 -24575, -881866 -24191, -882318 -23905, -882528 -23730, -883123 -23713, -883665 -23597, -883807 -23295, -883476 -23048, -883330 -22766, -883684 -22407, -883901 -22057, -884469 -21817, -884760 -21492, -884653 -21136, -885161 -20787, -885720 -20425, -886063 -20127, -886088 -19832, -886268 -19598, -886722 -19417, -887378 -19603, -887857 -19343, -888262 -18876, -888442 -18595, -888628 -18360, -889386 -18074, -889683 -18244, -889695 -18521, -889900 -18751, -890105 -19270, -890707 -19602, -891269 -19306, -891431 -19111, -892817 -19062, -893642 -19230, -894145 -19216, -894335 -19414, -894235 -19672, -894084 -19886, -894172 -20037, -893887 -20265, -893697 -20376, -893579 -20601, -893837 -20675, -893715 -21006, -894045 -21283, -894387 -21427, -894584 -21603, -894645 -21605, -894684 -21901, -894846 -21818, -895039 -21678, -895859 -21684, -895771 -21903, -895519 -22541, -896211 -23033, -896399 -23570, -896193 -24495, -895658 -24886, -896044 -25202, -895949 -25386, -895305 -25556, -894841 -25840, -894518 -25987, -894167 -25894, -894134 -26219, -894049 -26631, -894275 -26714, -894733 -26563, -895065 -26518, -895648 -26411, -896275 -26615, -896890 -25884, -897729 -25422, -898785 -25193, -899501 -24876, -900427 -25217, -900981 -25267, -901845 -25069, -902800 -24934, -903669 -24445, -904067 -24656, -904554 -24433, -904715 -24676, -904870 -24885, -905270 -25193, -905973 -25157, -906672 -25299, -907217 -25802, -907679 -25693, -907963 -25892, -909058 -25897, -909221 -26147, -909282 -26493, -909852 -26591, -910121 -26195, -910459 -25710, -910843 -24482, -910980 -23735, -911229 -23850, -911665 -23823, -911989 -23868, -912289 -24065, -912888 -24115, -913409 -24038, -914116 -24195, -914949 -24689, -915375 -25081, -916006 -25087, -916491 -24821, -916927 -24716, -917276 -24591, -917518 -25120, -917714 -25518, -918098 -25250, -918741 -25170, -919217 -25330, -919713 -25501, -920336 -26053, -920893 -25761, -921054 -25397, -921055 -25204, -921315 -25139, -921701 -25295, -921917 -25204, -922177 -25089, -922948 -25606, -923439 -25377, -924210 -25160, -924349 -24729, -924183 -24183, -924475 -23890, -924879 -23818, -925056 -23875, -925493 -24105, -925782 -24082, -926306 -24206, -926686 -24579, -926949 -24632, -927203 -24855, -927596 -25357, -927683 -25627, -928234 -25908, -928710 -26003, -929156 -26044, -929571 -26557, -929675 -26919, -930000 -27622, -930132 -27989, -930264 -28349, -930715 -29225, -930968 -29506, -931212 -29925, -931476 -30420, -932050 -30982, -932509 -31462, -932845 -31680, -932968 -31574, -933001 -31565, -933262 -31370, -933854 -31657, -934079 -31640, -934416 -31624, -934299 -31223, -934530 -30946, -934871 -30971, -934860 -30558, -935170 -30409, -935687 -30766, -936075 -31055, -936493 -31334, -936852 -31601, -937013 -31371, -936949 -31036, -937133 -30993, -937381 -30969, -937714 -30964, -937771 -30648, -938033 -30655, -938313 -30766, -938820 -30934, -939235 -31157, -939499 -31120, -939713 -30806, -939850 -30665, -940874 -31234, -941143 -31376, -941004 -30943, -941445 -31030, -942057 -31333, -942352 -31429, -942429 -31305, -942743 -31181, -943046 -31156, -942952 -30849, -943257 -30847, -943630 -30706, -944048 -30734, -944728 -31142, -945088 -31571, -945440 -31949, -945867 -32004, -946988 -32460, -947365 -32897, -948089 -33674, -948254 -33979, -948957 -34701, -949461 -35097, -950105 -35709, -950520 -36392, -950954 -36749, -950884 -37173)))
> summary(carto)
* Objective:
  - Relative error:
   Min. 1st Qu.  Median    Mean 3rd Qu.    Max. 
0.00622 0.10128 0.19032 0.30980 0.43342 1.62034 
  - Error:
    Min.  1st Qu.   Median     Mean  3rd Qu.     Max. 
1.13e+09 8.98e+09 2.77e+10 3.93e+10 5.25e+10 2.13e+11 

* Distortion of regions
  Symmetrized difference error
   Min. 1st Qu.  Median    Mean 3rd Qu.    Max. 
 0.0688  0.1365  0.1683  0.1824  0.2161  0.3114 
> options(oldoptions)
> 
> proc.time()
   user  system elapsed 
  3.547   1.075   2.231 
