
R Under development (unstable) (2021-08-27 r80829) -- "Unsuffered Consequences"
Copyright (C) 2021 The R Foundation for Statistical Computing
Platform: x86_64-pc-linux-gnu (64-bit)

R is free software and comes with ABSOLUTELY NO WARRANTY.
You are welcome to redistribute it under certain conditions.
Type 'license()' or 'licence()' for distribution details.

R is a collaborative project with many contributors.
Type 'contributors()' for more information and
'citation()' on how to cite R or R packages in publications.

Type 'demo()' for some demos, 'help()' for on-line help, or
'help.start()' for an HTML browser interface to help.
Type 'q()' to quit R.

> ## dcn
> 
> library(cartogramR)
> data(usa)
> oldoptions <- options(digits=5)
> usa2 <- usa[usa$region=="4",]
> precarto <- precartogramR(usa2, method="dcn")
> summary(precarto)
    L3 L2 L1   dbv
 1: 11  1  1 34087
 2: 11  1  1 28425
 3:  9  1  1 26602
 4:  1  1  1 26205
 5:  5  1  1 24730
 6:  1  1  1 22601
 7:  5  1  1 22495
 8:  2  1  1 22187
 9:  9  1  1 22145
10:  1  1  1 21742
> 
> carto <-  cartogramR(usa2, "electors64", method="dcn", options=list(relerror=2))
> carto$final_centers
          [,1]     [,2]
 [1,]  -559842 -1116048
 [2,]  -722274   314022
 [3,]  -995392  -520796
 [4,] -1617290   131984
 [5,] -1517248   508227
 [6,] -1145946    74092
 [7,]  -609137  -152040
 [8,]  -476883  -609335
 [9,] -1066698 -1077530
[10,] -1411822  -445904
[11,] -1703276  -626142
> carto$final_area
 [1] 3.1511e+11 3.7668e+11 2.1906e+11 2.5275e+11 1.8258e+11 2.1462e+11
 [7] 2.5152e+11 2.6866e+11 2.9546e+11 2.8529e+11 4.1872e+11
> carto$cartogram[[10]]
MULTIPOLYGON (((-1237197 -743488, -1236632 -739656, -1235735 -733711, -1235713 -733521, -1235646 -732664, -1234974 -728642, -1234494 -725583, -1233916 -721973, -1232523 -713120, -1232026 -710092, -1231544 -706928, -1231132 -704276, -1230832 -702424, -1229906 -696328, -1229158 -691387, -1228514 -687294, -1227723 -682126, -1226829 -676782, -1226335 -673742, -1226294 -673477, -1225901 -671110, -1225488 -668530, -1225136 -666369, -1224967 -665332, -1224868 -664729, -1224697 -663709, -1224564 -662905, -1224447 -662207, -1224289 -661276, -1224233 -660820, -1224066 -660123, -1223787 -659055, -1223475 -657415, -1223203 -655812, -1222996 -654778, -1222796 -653193, -1222699 -652373, -1222628 -651951, -1222248 -649414, -1221571 -645229, -1221212 -642925, -1220065 -635477, -1219668 -633016, -1219468 -631755, -1218580 -626201, -1218218 -623963, -1217858 -621739, -1217599 -620120, -1217246 -617985, -1216282 -611988, -1215375 -606232, -1214659 -602107, -1213609 -595408, -1212749 -589846, -1212168 -586188, -1211808 -583852, -1210628 -576467, -1210046 -573184, -1209990 -572793, -1209540 -569851, -1209203 -567790, -1208682 -564622, -1208136 -561273, -1207917 -559924, -1207582 -557862, -1207161 -555274, -1206585 -551848, -1206331 -550461, -1205967 -548219, -1205578 -545820, -1205079 -542746, -1204864 -541343, -1204484 -538961, -1204342 -537995, -1204144 -536757, -1203860 -535744, -1203504 -533425, -1203228 -531626, -1203023 -530316, -1202776 -528731, -1201769 -522263, -1201646 -521513, -1201494 -520591, -1201390 -519955, -1200952 -517293, -1200441 -514185, -1200094 -512075, -1199422 -507982, -1199233 -506832, -1199028 -505587, -1198562 -502757, -1198462 -502155, -1198117 -500056, -1197978 -499213, -1197658 -497268, -1197481 -496196, -1197342 -495350, -1197276 -494952, -1197237 -494718, -1196903 -492713, -1196447 -489968, -1196169 -488301, -1195741 -485743, -1195638 -485097, -1195314 -483180, -1195150 -482192, -1195024 -481445, -1194884 -480604, -1194721 -479626, -1194547 -478583, -1194311 -477171, -1194101 -475916, -1193802 -474124, -1193473 -472148, -1192960 -469075, -1192741 -467768, -1192561 -466577, -1192246 -464494, -1192060 -463261, -1191843 -461929, -1191721 -461188, -1191152 -457737, -1190694 -454966, -1190288 -452499, -1189961 -450519, -1189652 -448645, -1189471 -447550, -1189343 -446776, -1189194 -445872, -1188746 -443160, -1188450 -441371, -1188088 -439172, -1187758 -436941, -1187626 -436097, -1187062 -432853, -1186404 -428936, -1185998 -426468, -1185463 -423217, -1184750 -418990, -1184069 -414960, -1183680 -412640, -1183590 -412032, -1183445 -411101, -1183151 -409285, -1182851 -407491, -1182683 -406501, -1182577 -405857, -1182313 -404276, -1182216 -403685, -1181890 -401842, -1181611 -399980, -1181409 -398859, -1181196 -397568, -1180466 -393174, -1179870 -389602, -1179595 -388008, -1179377 -386678, -1178911 -383788, -1178376 -380611, -1178147 -379213, -1177668 -376319, -1177216 -373606, -1177076 -372773, -1176852 -371300, -1176416 -368724, -1175761 -365254, -1175395 -362971, -1174736 -358931, -1174531 -357619, -1174508 -357483, -1174485 -357372, -1174416 -357019, -1174308 -356427, -1173324 -350681, -1172292 -344667, -1172012 -343015, -1171643 -340895, -1170913 -336619, -1170691 -335338, -1170574 -334654, -1170393 -333605, -1170174 -332369, -1170039 -331558, -1169960 -331093, -1169926 -330887, -1169855 -330455, -1169637 -328993, -1169357 -327611, -1168551 -322905, -1166531 -310972, -1166300 -309605, -1165627 -305637, -1165443 -304546, -1165170 -302936, -1165043 -302230, -1164392 -298350, -1162788 -288835, -1161798 -283034, -1161221 -279599, -1160773 -276950, -1160447 -275002, -1160151 -273321, -1159861 -271639, -1159039 -266843, -1158414 -263210, -1158064 -261161, -1157489 -257761, -1157405 -257262, -1156395 -251309, -1156019 -249095, -1155818 -247663, -1155284 -244429, -1154481 -239727, -1154083 -237401, -1153456 -233896, -1152895 -230597, -1152003 -225266, -1151550 -222610, -1151227 -220730, -1150777 -217957, -1149376 -209119, -1148711 -205849, -1148398 -203962, -1147799 -200136, -1147201 -196272, -1146933 -194541, -1146706 -192978, -1150261 -192333, -1154538 -191578, -1156272 -191271, -1160892 -190448, -1165436 -189631, -1165962 -189540, -1168555 -189056, -1169425 -188892, -1171155 -188571, -1175365 -187777, -1177254 -187421, -1179305 -187033, -1183513 -186359, -1186629 -185831, -1190431 -185117, -1192693 -184655, -1193342 -184498, -1194782 -184171, -1195615 -183991, -1197114 -183656, -1198090 -183440, -1203157 -182279, -1207057 -181331, -1208959 -180893, -1212814 -180220, -1217457 -179586, -1223825 -178709, -1226934 -178237, -1233616 -176978, -1235863 -176553, -1239816 -175803, -1242613 -175271, -1245288 -174715, -1247153 -174391, -1248764 -174105, -1249199 -174024, -1253245 -173237, -1256119 -172659, -1260551 -171796, -1264524 -171017, -1265967 -170733, -1270203 -169901, -1274135 -169075, -1276134 -168715, -1280980 -167791, -1282897 -167423, -1287157 -166596, -1292065 -165634, -1295127 -164884, -1297322 -164441, -1300544 -163779, -1304214 -163058, -1304665 -162979, -1304951 -162929, -1305123 -162899, -1307222 -162551, -1309982 -161988, -1314197 -161126, -1315920 -160777, -1318172 -160321, -1319460 -160060, -1322228 -159504, -1326546 -158665, -1331359 -157699, -1334316 -157200, -1336852 -156670, -1339791 -156040, -1342887 -155380, -1344011 -155138, -1345096 -154899, -1346091 -154650, -1349785 -153878, -1351185 -153611, -1354359 -152955, -1360996 -151487, -1365008 -150623, -1366723 -150248, -1370717 -149393, -1375485 -148375, -1378341 -147757, -1383317 -146736, -1386278 -145958, -1389649 -145223, -1397107 -143588, -1401571 -142685, -1406118 -141722, -1410605 -140767, -1414236 -140000, -1417352 -139325, -1421856 -138338, -1423524 -137980, -1425205 -137629, -1425926 -137482, -1429256 -136784, -1433512 -135883, -1434919 -135616, -1436202 -135333, -1441637 -134122, -1443346 -133738, -1445725 -133198, -1447301 -132836, -1450434 -132154, -1454801 -131188, -1456649 -130772, -1459145 -130222, -1461859 -129622, -1463652 -129214, -1464863 -128952, -1468407 -128177, -1469202 -128003, -1469608 -127913, -1471707 -127453, -1472427 -127295, -1474837 -126766, -1478939 -125861, -1483685 -124789, -1487608 -123924, -1490163 -123362, -1492374 -122875, -1494529 -122400, -1496922 -121864, -1500125 -121143, -1503269 -120457, -1506935 -119665, -1514409 -118098, -1519350 -117105, -1525911 -115467, -1527968 -115011, -1532781 -113828, -1539775 -112113, -1547817 -110176, -1556721 -108035, -1562321 -106598, -1567199 -105428, -1569127 -104945, -1572265 -104174, -1573924 -103735, -1576875 -102939, -1581542 -101736, -1584251 -101076, -1587512 -100275, -1592403 -99038, -1594102 -98597, -1597196 -97814, -1600141 -97089, -1603245 -96277, -1605368 -95670, -1607189 -95189, -1610807 -94283, -1613857 -93520, -1617011 -92785, -1618763 -92371, -1621257 -91804, -1622878 -91590, -1624234 -97151, -1625318 -101616, -1627265 -109799, -1628647 -115664, -1631532 -127487, -1632708 -132548, -1634702 -140618, -1635925 -145485, -1636321 -147115, -1637315 -151212, -1637867 -153491, -1639233 -159131, -1640853 -165838, -1642085 -170917, -1642846 -174177, -1643515 -176947, -1643757 -177952, -1644703 -181903, -1645262 -184218, -1645402 -184789, -1645846 -186609, -1647625 -194082, -1648721 -198676, -1650260 -205187, -1651227 -209316, -1652231 -213576, -1652337 -214013, -1653329 -218304, -1653976 -221073, -1654788 -224474, -1656150 -230432, -1657374 -235803, -1658468 -240621, -1658647 -241397, -1659188 -243724, -1660254 -248472, -1660784 -250743, -1663087 -260512, -1663844 -263699, -1664221 -265283, -1664993 -268507, -1665895 -272103, -1666377 -274075, -1666545 -274785, -1667423 -278572, -1667938 -280767, -1668199 -281864, -1669323 -286492, -1670595 -291745, -1671373 -294992, -1671863 -297011, -1672047 -297768, -1672395 -299237, -1672620 -300192, -1672873 -301282, -1673388 -303433, -1674757 -309115, -1675557 -312351, -1675726 -313021, -1675877 -313620, -1676537 -316311, -1677279 -319318, -1677596 -320657, -1678755 -325351, -1679607 -328835, -1680231 -331348, -1680638 -333062, -1681388 -336039, -1682356 -340214, -1683421 -344774, -1683675 -345792, -1684188 -347958, -1684660 -350015, -1685123 -352060, -1685906 -355158, -1686675 -358274, -1687122 -360259, -1687319 -361054, -1687616 -362261, -1687799 -363004, -1687927 -363517, -1688595 -366151, -1688817 -367072, -1688893 -367394, -1689493 -369626, -1690328 -372831, -1691068 -375673, -1691322 -376649, -1692102 -379885, -1692749 -382625, -1693018 -383766, -1693055 -383921, -1693660 -386483, -1694105 -388372, -1694758 -391462, -1695209 -393382, -1696336 -398701, -1698302 -407654, -1699063 -411186, -1700211 -416517, -1700584 -418247, -1698371 -421485, -1697848 -422249, -1696974 -423501, -1696625 -424009, -1696499 -424196, -1696125 -424725, -1694300 -427385, -1693936 -427917, -1691617 -431299, -1690376 -433090, -1689580 -434227, -1688470 -435867, -1686493 -438727, -1684572 -441520, -1683677 -442822, -1680463 -447490, -1679417 -449008, -1678568 -450239, -1677898 -451220, -1676478 -453306, -1675790 -454322, -1673333 -457834, -1670970 -461266, -1670663 -461705, -1667588 -466186, -1667020 -466972, -1665115 -469674, -1664227 -470964, -1660804 -476030, -1658215 -479708, -1656080 -482738, -1651773 -488988, -1649661 -492074, -1647842 -494677, -1644919 -498863, -1642662 -502090, -1640006 -505997, -1636216 -511459, -1636086 -511643, -1635019 -513275, -1630684 -519356, -1628358 -522697, -1626665 -525168, -1624386 -528435, -1620441 -534205, -1619384 -535759, -1616789 -539366, -1614925 -542020, -1611530 -547010, -1610105 -549110, -1605340 -555904, -1603411 -558672, -1602298 -560271, -1599966 -563675, -1599020 -565041, -1597601 -567084, -1595962 -569452, -1591883 -575310, -1589221 -579154, -1587289 -581910, -1585556 -584388, -1585072 -585079, -1583640 -587124, -1582789 -588359, -1582598 -588635, -1581768 -589829, -1579795 -592642, -1578803 -594069, -1578284 -594805, -1577254 -596293, -1576940 -596741, -1575156 -599293, -1574792 -599810, -1572916 -602479, -1571618 -604323, -1570832 -605437, -1570299 -606193, -1569544 -607263, -1569019 -608074, -1568716 -608540, -1567933 -609662, -1567304 -610557, -1566677 -611448, -1566018 -612347, -1565195 -613547, -1564274 -614808, -1560000 -621108, -1556703 -625537, -1555307 -627582, -1554291 -629068, -1552518 -631661, -1551818 -632685, -1550071 -635243, -1549380 -636254, -1548559 -637428, -1547375 -639147, -1546090 -641015, -1544763 -642771, -1543777 -644071, -1541511 -647388, -1534859 -656895, -1531296 -661956, -1529525 -664424, -1523297 -673450, -1516289 -683465, -1510546 -691534, -1509949 -692372, -1509567 -692908, -1508045 -695077, -1505790 -698279, -1503543 -701512, -1497861 -709563, -1495987 -712178, -1494324 -714552, -1492565 -717059, -1491108 -719134, -1487020 -724948, -1485384 -727283, -1484555 -728469, -1482708 -731104, -1479098 -736248, -1478399 -737244, -1473221 -744584, -1467280 -752981, -1462610 -759590, -1462092 -760332, -1458566 -765304, -1454640 -770974, -1451710 -775101, -1451457 -775429, -1449656 -777981, -1448043 -780248, -1442484 -788041, -1439967 -791589, -1439186 -792694, -1438249 -794021, -1435940 -797283, -1435159 -798385, -1433831 -800257, -1433525 -800690, -1431453 -803637, -1430831 -804489, -1430413 -805080, -1429927 -805766, -1429528 -806328, -1427793 -808782, -1425283 -812312, -1424803 -812986, -1423347 -815070, -1420590 -818966, -1420009 -819785, -1418911 -821336, -1418501 -821915, -1418007 -822581, -1417239 -823661, -1416781 -824306, -1416481 -824726, -1415796 -825683, -1413158 -829392, -1408350 -836157, -1402743 -844054, -1402086 -845001, -1401773 -845434, -1401495 -845826, -1400459 -847283, -1399985 -847948, -1399558 -848549, -1399421 -848741, -1399179 -849079, -1398837 -849562, -1398755 -849674, -1397950 -850792, -1395319 -854488, -1394063 -856256, -1389483 -862694, -1386672 -866647, -1383978 -870419, -1381074 -874486, -1380814 -874852, -1380076 -875888, -1379092 -877269, -1378381 -878267, -1378286 -878402, -1377945 -878878, -1375418 -882413, -1373837 -884642, -1371316 -888155, -1370742 -888932, -1369923 -890078, -1368823 -891641, -1367612 -893365, -1366696 -894661, -1365040 -896976, -1363272 -899446, -1361967 -901400, -1359790 -904478, -1358262 -906628, -1357478 -907650, -1357149 -908033, -1354535 -911739, -1353510 -913148, -1348752 -919753, -1347003 -922178, -1345309 -924527, -1344566 -925557, -1343797 -926623, -1342565 -928354, -1339916 -932134, -1338016 -934674, -1336817 -936338, -1336223 -937167, -1334817 -939132, -1333655 -940749, -1331932 -943201, -1331182 -944268, -1330563 -945135, -1329367 -946818, -1328133 -948539, -1327020 -950101, -1326111 -951383, -1325190 -952686, -1324177 -954107, -1323463 -955105, -1323625 -953757, -1323381 -952262, -1322679 -951098, -1322351 -950688, -1321172 -949864, -1320585 -949585, -1319611 -948447, -1319599 -947586, -1319911 -946902, -1320651 -945983, -1321814 -945083, -1322351 -944771, -1322595 -944548, -1322709 -944374, -1322892 -943863, -1322160 -943112, -1321550 -942592, -1321153 -942340, -1320599 -942186, -1320140 -942105, -1319837 -942148, -1319554 -942210, -1318639 -942376, -1317088 -942292, -1316253 -941874, -1315668 -940983, -1315630 -940210, -1314935 -938366, -1314768 -937670, -1314646 -936685, -1314559 -935523, -1314548 -934710, -1314509 -934340, -1314621 -933761, -1315021 -932999, -1314986 -930971, -1314793 -929772, -1314900 -928598, -1314719 -927256, -1314884 -925654, -1315054 -923690, -1314909 -922319, -1314501 -918210, -1314744 -916065, -1315415 -913397, -1315479 -911200, -1315971 -909866, -1317651 -906908, -1318276 -905001, -1318319 -903817, -1318337 -902794, -1318478 -901789, -1318722 -900564, -1318743 -899710, -1318698 -899293, -1318455 -898497, -1318238 -897890, -1317883 -897530, -1317153 -897323, -1316552 -896668, -1316199 -895698, -1316376 -895130, -1316289 -894030, -1316215 -892788, -1316245 -892063, -1317036 -890729, -1316231 -890321, -1315564 -890182, -1315196 -889711, -1314714 -888768, -1314648 -888128, -1314730 -886874, -1315371 -886248, -1315563 -885386, -1316019 -883989, -1316407 -883407, -1316952 -882710, -1316908 -882118, -1316795 -881050, -1316207 -880314, -1315611 -879117, -1315947 -878343, -1316991 -877159, -1317367 -876274, -1317213 -875467, -1316877 -874799, -1316585 -874238, -1316222 -873397, -1316019 -872694, -1315940 -872174, -1315965 -871752, -1315953 -871597, -1315526 -870897, -1315874 -869673, -1315724 -868522, -1315367 -867200, -1316036 -865653, -1315905 -864771, -1315277 -864293, -1314723 -863331, -1314278 -862615, -1314701 -861629, -1314825 -861354, -1314979 -860620, -1313881 -860144, -1313099 -859518, -1312205 -859383, -1311519 -859307, -1310947 -859052, -1310646 -858615, -1311019 -858269, -1311902 -856894, -1313191 -855447, -1313467 -854797, -1313850 -853953, -1313987 -853086, -1313752 -852490, -1313880 -851451, -1314045 -851054, -1314326 -850176, -1314591 -849348, -1314711 -848955, -1314946 -848189, -1314979 -847640, -1315815 -845098, -1315316 -844301, -1315346 -843433, -1315277 -842272, -1315057 -841900, -1314656 -841583, -1314035 -841256, -1313215 -840151, -1314442 -839225, -1314265 -837812, -1313845 -836826, -1314650 -834931, -1314956 -833955, -1313314 -832115, -1311377 -831862, -1310401 -831941, -1309344 -831804, -1308766 -831784, -1308014 -832190, -1307333 -831702, -1306062 -831349, -1304231 -830137, -1302859 -829440, -1302347 -830672, -1301932 -830984, -1299876 -829929, -1298473 -829661, -1296388 -829408, -1295505 -829686, -1293992 -830330, -1293107 -830258, -1292391 -830290, -1291604 -831116, -1292533 -832416, -1292233 -832971, -1287993 -832349, -1286872 -834074, -1283715 -832256, -1281006 -833320, -1280416 -833157, -1279076 -835498, -1277676 -837708, -1276684 -838773, -1276036 -840141, -1275772 -842235, -1276474 -843597, -1275308 -843843, -1273832 -845363, -1273320 -845403, -1272803 -847602, -1271213 -849309, -1270664 -849584, -1269690 -849645, -1268276 -849795, -1266808 -849627, -1265067 -849132, -1263736 -849342, -1262435 -849534, -1261398 -848358, -1260588 -845724, -1258687 -843018, -1258411 -841912, -1258749 -840683, -1257104 -839925, -1256067 -839083, -1254218 -836105, -1252787 -833895, -1251433 -832856, -1250528 -832640, -1250397 -831776, -1250102 -829844, -1249820 -828080, -1249613 -826741, -1249466 -825346, -1249279 -823693, -1249072 -822339, -1248894 -821341, -1248476 -819314, -1248226 -817349, -1247488 -813247, -1247138 -811369, -1245827 -802972, -1245538 -800283, -1245160 -797342, -1244850 -795165, -1244550 -793028, -1244171 -790254, -1243785 -787372, -1243421 -784744, -1242616 -778837, -1241758 -772904, -1241462 -770822, -1240919 -767612, -1240630 -765709, -1240627 -765684, -1240459 -764548, -1240334 -763735, -1240299 -763515, -1240213 -762971, -1240152 -762585, -1239251 -756700, -1238810 -753871, -1237917 -748400, -1237197 -743488)))
> summary(carto)
* Objective:
  - Relative error:
   Min. 1st Qu.  Median    Mean 3rd Qu.    Max. 
  0.203   0.477   0.688   0.858   1.323   1.717 
  - Error:
    Min.  1st Qu.   Median     Mean  3rd Qu.     Max. 
4.27e+10 7.68e+10 1.32e+11 2.03e+11 1.78e+11 9.81e+11 

* Distortion of regions
  Symmetrized difference error
     Min.   1st Qu.    Median      Mean   3rd Qu.      Max. 
-7.11e-15 -2.78e-15 -8.88e-16 -9.99e-16  2.78e-16  6.66e-15 
> options(oldoptions)
> 
> proc.time()
   user  system elapsed 
  1.728   0.749   0.920 
