
R version 4.1.0 Patched (2021-06-26 r80567) -- "Camp Pontanezen"
Copyright (C) 2021 The R Foundation for Statistical Computing
Platform: x86_64-pc-linux-gnu (64-bit)

R is free software and comes with ABSOLUTELY NO WARRANTY.
You are welcome to redistribute it under certain conditions.
Type 'license()' or 'licence()' for distribution details.

R is a collaborative project with many contributors.
Type 'contributors()' for more information and
'citation()' on how to cite R or R packages in publications.

Type 'demo()' for some demos, 'help()' for on-line help, or
'help.start()' for an HTML browser interface to help.
Type 'q()' to quit R.

> ## gn
> 
> library(cartogramR)
> data(usa)
> options(digits=5)
> carto <-  cartogramR(usa, "electors64", method="gn", options=list(L=128, relerror=2))
> carto$final_centers
          [,1]     [,2]
 [1,]    -1698 -1169771
 [2,]  -868643  -866891
 [3,]  -995364   -23281
 [4,]  1660616   347176
 [5,]  -665410    37569
 [6,]  -702116  -144869
 [7,] -1076008  -422178
 [8,] -1465106    20254
 [9,] -1495050   246542
[10,] -1151105  -103244
[11,]  -443908  -966706
[12,]  2081711  -333447
[13,]  2530314   189815
[14,]   252328 -1548005
[15,]  2294186   130680
[16,]  1271378  -813246
[17,]   860208  -454411
[18,]   736241  -975323
[19,]  1202074 -1489012
[20,]   409638 -1427204
[21,]  2444069   427046
[22,]  2012393  -672229
[23,]  2087713   750929
[24,]  1453183  -268712
[25,]  1761500  -715665
[26,]   680301 -1156932
[27,]   748702 -1467483
[28,]  1592272  -948225
[29,]  -178943  -791760
[30,]  2270538   744869
[31,]  2373977   929533
[32,]  1496191 -1351079
[33,]  -351094  -288914
[34,]  1655313 -1164085
[35,]  -580757  -654982
[36,]  -682117  -356322
[37,]  -948592  -217612
[38,]  -880292  -533759
[39,]  -332384   105040
[40,]    16605   100585
[41,]   409682   252566
[42,]   477572  -574439
[43,]  -411137 -1311947
[44,]  1483830 -1886868
[45,]  1704459  -736887
[46,]   110382  -545095
[47,] -1036479  -820844
[48,] -1240972  -338095
[49,] -1498870  -483667
> carto$final_area
 [1] 9.6333e+10 6.6169e+10 6.9174e+10 6.5135e+11 6.3957e+10 6.0923e+10
 [7] 5.9060e+10 9.9491e+10 1.3411e+11 5.7738e+10 1.1710e+11 2.2881e+11
[13] 4.3175e+10 1.4610e+11 1.1875e+11 1.1878e+11 3.8649e+11 1.4605e+11
[19] 1.8506e+11 1.1079e+11 1.9443e+11 4.3981e+10 5.4729e+10 4.6517e+11
[25] 1.4367e+11 1.6045e+11 1.5221e+11 1.9178e+11 1.8668e+11 6.2076e+10
[31] 7.2653e+10 1.1953e+11 1.3865e+11 2.0030e+11 1.0812e+11 7.6996e+10
[37] 4.6366e+10 8.6935e+10 1.5400e+11 1.8609e+11 3.2663e+11 2.0316e+11
[43] 3.8775e+11 2.1029e+11 6.5298e+08 3.7825e+11 8.5523e+10 6.4584e+10
[49] 5.8658e+11
> carto$cartogram[[15]]
MULTIPOLYGON (((2064380 257943, 2067043 249405, 2067545 247797, 2068377 245131, 2073068 231849, 2074053 229137, 2074493 227889, 2074660 227454, 2075642 224625, 2079455 214188, 2081912 207502, 2083239 203648, 2084393 200272, 2089284 186187, 2092194 178032, 2096090 166768, 2097820 161925, 2099157 158248, 2103684 148054, 2106711 141507, 2109253 136162, 2112874 128368, 2115937 121966, 2123169 106055, 2128669 95523, 2130651 91702, 2134027 85030, 2135553 82057, 2137601 78096, 2138672 75918, 2139315 74784, 2140002 73864, 2141349 72014, 2142104 71001, 2143986 68388, 2146001 65509, 2149525 60253, 2151407 57381, 2154366 53130, 2156937 49446, 2158847 46484, 2161467 42478, 2165767 35832, 2172587 25509, 2179214 20147, 2185203 15208, 2190466 10743, 2195003 6783.7, 2200237 2149, 2204318 -1543.3, 2202977 -3054.1, 2200901 -5184.6, 2200275 -5894.5, 2199756 -6801.8, 2198775 -8395.3, 2197268 -10817, 2197046 -11212, 2196512 -12170, 2195471 -13958, 2194951 -14871, 2194425 -15779, 2194045 -16462, 2193514 -17528, 2192978 -18517, 2192824 -18813, 2192046 -20221, 2191601 -21210, 2191471 -21409, 2190425 -23552, 2190171 -24203, 2189577 -25521, 2188962 -27059, 2187632 -30823, 2187443 -31218, 2186891 -34807, 2188776 -36467, 2190533 -37824, 2192488 -39478, 2197488 -43766, 2203453 -48848, 2204015 -49325, 2206400 -51385, 2209747 -54239, 2210680 -55044, 2211385 -55648, 2211749 -55970, 2212566 -56668, 2213237 -57244, 2213379 -57366, 2214826 -58698, 2217205 -60781, 2219064 -62281, 2220645 -63711, 2222128 -65922, 2223018 -67744, 2223879 -68756, 2224716 -69904, 2225985 -71506, 2227405 -72971, 2242256 -83653, 2243068 -83186, 2246799 -81185, 2248967 -80091, 2255251 -77157, 2264833 -73442, 2274390 -70310, 2278969 -68842, 2294566 -63946, 2300490 -62207, 2302938 -61322, 2311349 -58036, 2315059 -56672, 2336103 -49374, 2351306 -42949, 2366292 -34146, 2369144 -32589, 2376382 -28802, 2386969 -23736, 2402198 -17142, 2429557 -5175.9, 2439985 -787.63, 2460723 7896.3, 2468495 13629, 2471655 16021, 2479994 23083, 2482648 25605, 2483521 29129, 2485785 36700, 2490459 42482, 2498552 48418, 2501142 47610, 2504213 46653, 2502033 55286, 2501554 56675, 2505774 54523, 2509298 53077, 2510873 54695, 2511852 59469, 2511958 62205, 2510945 63927, 2507094 67712, 2505595 70111, 2505325 70595, 2505160 71625, 2505343 72752, 2504867 73669, 2503882 74967, 2503729 75938, 2503184 76490, 2502648 77000, 2502226 77407, 2502031 77746, 2501646 78609, 2500401 80046, 2499020 80726, 2497621 82010, 2496471 84018, 2494829 85855, 2494142 87748, 2494004 88867, 2495053 89438, 2496095 89978, 2497078 91314, 2497274 92718, 2498261 93260, 2499302 93139, 2500933 92201, 2501660 92565, 2502825 91859, 2503151 92544, 2501697 96122, 2500665 98637, 2499129 102314, 2498707 103328, 2498495 103837, 2497681 105788, 2494278 114107, 2489989 124350, 2487840 129358, 2486295 132954, 2483625 139024, 2479433 148408, 2478298 150907, 2477477 152693, 2475987 155915, 2475046 157981, 2474538 159077, 2474209 159789, 2472612 163157, 2472113 164185, 2470909 166657, 2469816 168944, 2467350 173895, 2465194 178244, 2463583 181369, 2462290 183868, 2461518 185364, 2460778 186773, 2457065 193561, 2454853 197302, 2451748 205061, 2450254 208881, 2448952 212212, 2447040 217115, 2445160 223777, 2444307 226920, 2442929 231794, 2438359 247496, 2437567 250125, 2434940 258405, 2433999 261411, 2432405 266293, 2430970 270612, 2428616 277543, 2427381 281046, 2423076 293106, 2422034 295966, 2419755 302116, 2417386 308305, 2416695 310169, 2415685 312850, 2413748 317976, 2412612 320971, 2412200 322103, 2409103 330935, 2405800 340352, 2402984 346415, 2397752 344708, 2396463 344290, 2395226 343900, 2393882 343469, 2391893 342821, 2387770 341491, 2385718 340841, 2384418 340430, 2378659 338814, 2373710 337443, 2370589 336642, 2369694 336381, 2366912 335677, 2365284 335209, 2359420 333505, 2354339 332029, 2351532 331134, 2349040 330139, 2344634 328745, 2341885 327939, 2340618 327613, 2337816 326768, 2335137 326021, 2334257 325686, 2330790 324407, 2327643 323277, 2323411 321672, 2318606 319920, 2312275 317692, 2305812 315419, 2302068 314187, 2297147 312741, 2292607 311355, 2285592 309295, 2283894 308821, 2280532 307920, 2270272 305023, 2267467 304262, 2264637 303083, 2260466 301140, 2257525 298304, 2256861 297448, 2255671 297115, 2253844 296721, 2252744 296417, 2252030 296655, 2251072 298262, 2249526 297928, 2248343 297675, 2243924 296894, 2236435 296083, 2232044 295357, 2229724 294764, 2228804 294360, 2221794 292346, 2220870 292094, 2221056 291135, 2221632 290898, 2222463 290362, 2222703 289691, 2222622 288988, 2222656 288432, 2222655 287808, 2222845 287125, 2222716 286625, 2222185 287019, 2221735 286990, 2221455 286556, 2221080 286670, 2221407 286272, 2221383 285790, 2222202 285487, 2222832 285296, 2222976 284416, 2222816 283632, 2223207 283038, 2223653 282539, 2223171 281891, 2223560 279878, 2219385 277801, 2215022 275679, 2208789 289008, 2206755 288500, 2203675 287779, 2199668 287069, 2196852 286353, 2186414 283963, 2181368 282959, 2173167 281000, 2165945 279475, 2160730 278434, 2157160 277766, 2155504 277497, 2150550 276619, 2144257 275533, 2138934 274614, 2137328 274340, 2133170 273631, 2128406 272810, 2123009 271917, 2122542 271837, 2120063 271415, 2114286 270436, 2113428 270333, 2108347 269537, 2105589 268876, 2102283 268049, 2101934 267962, 2100458 267621, 2097358 266859, 2094748 266218, 2091929 265512, 2091766 265468, 2087974 264521, 2085356 263842, 2078169 262100, 2075244 261376, 2072019 260392, 2067976 259097, 2064380 257943)))
> summary(carto)
* Objective:
  - Relative error:
    Min.  1st Qu.   Median     Mean  3rd Qu.     Max. 
0.000535 0.019167 0.034214 0.080750 0.070734 0.985638 
  - Error:
    Min.  1st Qu.   Median     Mean  3rd Qu.     Max. 
3.01e+08 2.29e+09 5.40e+09 7.93e+09 9.65e+09 4.48e+10 

* Distortion of regions
  Symmetrized difference error
   Min. 1st Qu.  Median    Mean 3rd Qu.    Max. 
 0.0622  0.1791  0.2192  0.2167  0.2468  0.4148 
> 
> proc.time()
   user  system elapsed 
  3.405   1.018   2.409 
