
R version 4.0.4 (2021-02-15) -- "Lost Library Book"
Copyright (C) 2021 The R Foundation for Statistical Computing
Platform: x86_64-pc-linux-gnu (64-bit)

R is free software and comes with ABSOLUTELY NO WARRANTY.
You are welcome to redistribute it under certain conditions.
Type 'license()' or 'licence()' for distribution details.

R is a collaborative project with many contributors.
Type 'contributors()' for more information and
'citation()' on how to cite R or R packages in publications.

Type 'demo()' for some demos, 'help()' for on-line help, or
'help.start()' for an HTML browser interface to help.
Type 'q()' to quit R.

> ## gn
> 
> library(cartogramR)
> data(usa)
> oldoptions <- options(digits=5)
> usa2 <- usa[usa$region=="4",]
> carto <-  cartogramR(usa2, "electors64", method="gn", options=list(L=128, relerror=1.5))
> carto$final_centers
          [,1]     [,2]
 [1,]  -455221 -1061794
 [2,]  -598737   244954
 [3,]  -749691  -444512
 [4,] -1382758   208666
 [5,] -1338381   539546
 [6,]  -866299    77070
 [7,]  -521697  -108385
 [8,]  -408287  -573094
 [9,]  -763497 -1046837
[10,] -1019048  -331510
[11,] -1483660  -569128
> carto$final_area
 [1] 1.8835e+11 2.0117e+11 1.3721e+11 2.7368e+11 2.5701e+11 1.4744e+11
 [7] 1.3355e+11 2.0558e+11 2.3166e+11 2.6217e+11 1.0426e+12
> carto$cartogram[[10]]
MULTIPOLYGON (((-872288 -637243, -872398 -633009, -872559 -626449, -872568 -626239, -872630 -625282, -872702 -620857, -872776 -617488, -872869 -613550, -873178 -604120, -873272 -600900, -873396 -597528, -873494 -594705, -873556 -592735, -873807 -586281, -874041 -581184, -874220 -576967, -874463 -571638, -874669 -566142, -874797 -563014, -874809 -562740, -874906 -560334, -875029 -557757, -875127 -555601, -875174 -554566, -875202 -553964, -875246 -552947, -875281 -552145, -875312 -551448, -875350 -550520, -875383 -550061, -875383 -549376, -875369 -548330, -875417 -546701, -875485 -545103, -875510 -544078, -875618 -542485, -875679 -541659, -875696 -541238, -875835 -538699, -876034 -534557, -876154 -532319, -876551 -525082, -876672 -522694, -876736 -521469, -877014 -516075, -877123 -513901, -877232 -511742, -877312 -510194, -877410 -508178, -877700 -502510, -877989 -497063, -878158 -493170, -878498 -486828, -878768 -481693, -878934 -478317, -879046 -476159, -879375 -469338, -879486 -466313, -879507 -465951, -879649 -463232, -879724 -461375, -879838 -458519, -879960 -455499, -880010 -454281, -880086 -452419, -880181 -450083, -880294 -446990, -880327 -445742, -880409 -443714, -880496 -441544, -880595 -438804, -880645 -437562, -880719 -435456, -880756 -434600, -880795 -433505, -880751 -432627, -880831 -430572, -880893 -428978, -880936 -427818, -880988 -426413, -881200 -420676, -881221 -420011, -881246 -419194, -881263 -418630, -881321 -416307, -881381 -413612, -881421 -411782, -881500 -408230, -881522 -407232, -881545 -406150, -881597 -403692, -881608 -403169, -881647 -401344, -881663 -400611, -881698 -398920, -881717 -397987, -881732 -397251, -881739 -396905, -881744 -396701, -881769 -394973, -881793 -392635, -881806 -391214, -881825 -389033, -881833 -388482, -881845 -386847, -881853 -386004, -881858 -385366, -881865 -384649, -881872 -383814, -881880 -382923, -881890 -381717, -881899 -380645, -881911 -379113, -881925 -377424, -881946 -374796, -881951 -373684, -881960 -372682, -881975 -370931, -881984 -369894, -881984 -368774, -881983 -368152, -881978 -365252, -881972 -362922, -881968 -360847, -881964 -359180, -881960 -357602, -881957 -356679, -881955 -356027, -881953 -355266, -881946 -352980, -881929 -351492, -881902 -349671, -881899 -347818, -881893 -347117, -881829 -344428, -881763 -341175, -881727 -339124, -881679 -336420, -881603 -332904, -881508 -329578, -881446 -327676, -881437 -327176, -881419 -326412, -881376 -324920, -881327 -323447, -881299 -322635, -881282 -322106, -881239 -320807, -881224 -320321, -881161 -318807, -881131 -317274, -881091 -316353, -881056 -315291, -880936 -311673, -880816 -308754, -880751 -307458, -880703 -306376, -880604 -304022, -880480 -301435, -880429 -300296, -880320 -297937, -880216 -295724, -880183 -295045, -880141 -293841, -880036 -291739, -879842 -288917, -879740 -287070, -879554 -283798, -879498 -282736, -879491 -282625, -879484 -282535, -879459 -282250, -879424 -281771, -879125 -277115, -878807 -272236, -878721 -270895, -878605 -269173, -878344 -265721, -878263 -264687, -878220 -264135, -878154 -263287, -878072 -262289, -878025 -261633, -877996 -261258, -877984 -261091, -877959 -260741, -877889 -259558, -877774 -258442, -877478 -254635, -876702 -244977, -876606 -243872, -876325 -240662, -876247 -239779, -876133 -238476, -876078 -237905, -875804 -234763, -875118 -227049, -874648 -222340, -874369 -219547, -874152 -217392, -873994 -215806, -873847 -214438, -873704 -213069, -873299 -209163, -872983 -206199, -872797 -204523, -872492 -201743, -872447 -201335, -871908 -196463, -871706 -194650, -871604 -193476, -871319 -190826, -870885 -186973, -870661 -185060, -870297 -182171, -869973 -179450, -869458 -175053, -869195 -172860, -869007 -171308, -868747 -169019, -867919 -161694, -867499 -158974, -867307 -157405, -866941 -154220, -866575 -151004, -866411 -149562, -866273 -148260, -868803 -147715, -871848 -147078, -873083 -146819, -876376 -146127, -879590 -145413, -879960 -145332, -881791 -144905, -882405 -144761, -883626 -144478, -886601 -143778, -887936 -143462, -889386 -143119, -892358 -142516, -894562 -142046, -897230 -141387, -898814 -140959, -899270 -140816, -900280 -140516, -900865 -140351, -901917 -140043, -902603 -139844, -906166 -138783, -908913 -137920, -910253 -137520, -912964 -136888, -916191 -136226, -920620 -135309, -922785 -134824, -927457 -133581, -929030 -133162, -931792 -132406, -933735 -131847, -935599 -131272, -936895 -130925, -938016 -130620, -938319 -130535, -941141 -129711, -943148 -129111, -946247 -128208, -949026 -127385, -950032 -127069, -952986 -126139, -955736 -125231, -957131 -124819, -960522 -123778, -961865 -123364, -964854 -122436, -968302 -121317, -970468 -120470, -972015 -119942, -974289 -119157, -976880 -118290, -977198 -118191, -977400 -118128, -977521 -118090, -978999 -117647, -980957 -116972, -983952 -115934, -985181 -115495, -986794 -114905, -987717 -114567, -989703 -113844, -992802 -112739, -996267 -111479, -998389 -110785, -1000223 -110102, -1002354 -109296, -1004626 -108402, -1005453 -108071, -1006254 -107747, -1006993 -107423, -1009718 -106354, -1010749 -105970, -1013095 -105055, -1018029 -103056, -1021017 -101864, -1022311 -101332, -1025362 -100067, -1029012 -98556, -1031204 -97641, -1035023 -96093, -1037330 -95022, -1039935 -93932, -1045867 -91384, -1049442 -89899, -1053099 -88345, -1056719 -86802, -1059653 -85556, -1062198 -84458, -1066025 -82777, -1067442 -82160, -1068871 -81545, -1069483 -81286, -1072320 -80063, -1075966 -78482, -1077166 -77987, -1078271 -77499, -1082963 -75416, -1084492 -74735, -1086673 -73760, -1088120 -73108, -1090990 -71847, -1095003 -70070, -1096706 -69311, -1099006 -68293, -1101510 -67184, -1103170 -66439, -1104288 -65949, -1107605 -64490, -1108391 -64148, -1108794 -63972, -1110873 -63068, -1111586 -62757, -1113977 -61716, -1118052 -59937, -1122784 -57848, -1126697 -56137, -1129248 -55022, -1131459 -54055, -1133712 -53086, -1136297 -51980, -1139763 -50494, -1143162 -49053, -1147126 -47377, -1155211 -43993, -1160606 -41777, -1168412 -38422, -1170844 -37422, -1176577 -34965, -1184919 -31384, -1194913 -27240, -1206518 -22572, -1213858 -19535, -1220227 -16963, -1222754 -15923, -1227140 -14224, -1229505 -13291, -1233716 -11615, -1240359 -9012, -1244200 -7536.6, -1248828 -5750.4, -1255784 -3029.2, -1258206 -2071.3, -1262829 -340.16, -1267340 1290.9, -1272111 3062.3, -1275393 4327.4, -1278193 5374.3, -1283736 7406.7, -1288408 9123.1, -1293218 10847, -1295891 11810, -1299752 13159, -1302339 13872, -1302378 8611.6, -1302409 4378.5, -1302417 -3408, -1302525 -9069.4, -1303014 -20544, -1303142 -25488, -1303666 -33387, -1304106 -38179, -1304232 -39791, -1304553 -43845, -1304733 -46104, -1305182 -51704, -1305846 -58382, -1306453 -63451, -1306799 -66719, -1307129 -69495, -1307250 -70502, -1307714 -74472, -1307997 -76801, -1308069 -77375, -1308299 -79207, -1309628 -86732, -1310517 -91370, -1311766 -97967, -1312551 -102165, -1313389 -106500, -1313496 -106940, -1314481 -111273, -1315133 -114073, -1315968 -117516, -1317333 -123574, -1318569 -129054, -1319756 -133957, -1319974 -134740, -1320635 -137089, -1321925 -141900, -1322580 -144202, -1325464 -154143, -1326422 -157400, -1326944 -159006, -1328074 -162256, -1329410 -165886, -1330124 -167882, -1330371 -168602, -1331659 -172449, -1332420 -174683, -1332806 -175801, -1334486 -180522, -1336484 -185870, -1337800 -189157, -1338665 -191208, -1339004 -191981, -1339644 -193480, -1340060 -194456, -1340526 -195571, -1341479 -197774, -1344023 -203607, -1345517 -206940, -1345833 -207631, -1346117 -208249, -1347403 -211019, -1348935 -214098, -1349591 -215471, -1351992 -220299, -1353766 -223893, -1355068 -226491, -1355920 -228267, -1357488 -231355, -1359527 -235698, -1361960 -240432, -1362541 -241491, -1363726 -243746, -1364823 -245890, -1365903 -248025, -1367706 -251268, -1369486 -254538, -1370534 -256622, -1370992 -257459, -1371684 -258731, -1372109 -259514, -1372405 -260055, -1373957 -262838, -1374513 -263812, -1374707 -264152, -1376193 -266521, -1378279 -269928, -1380131 -272957, -1380769 -273999, -1382754 -277453, -1384414 -280383, -1385105 -281604, -1385199 -281770, -1386755 -284518, -1387899 -286547, -1389623 -289863, -1390864 -291946, -1394085 -297720, -1399813 -307518, -1402083 -311402, -1405516 -317283, -1406678 -319210, -1402527 -322314, -1401543 -323042, -1399911 -324234, -1399293 -324723, -1399071 -324903, -1398406 -325411, -1395171 -327960, -1394525 -328468, -1390400 -331684, -1388184 -333374, -1386758 -334441, -1384777 -335984, -1381232 -338652, -1377780 -341243, -1376174 -342447, -1370567 -346833, -1368736 -348249, -1367248 -349394, -1366076 -350305, -1363587 -352237, -1362382 -353177, -1358039 -356388, -1353948 -359524, -1353442 -359927, -1348383 -364033, -1347434 -364743, -1344327 -367230, -1342904 -368434, -1337424 -373145, -1333217 -376509, -1329731 -379259, -1322693 -384895, -1319230 -387651, -1316260 -389993, -1311739 -393860, -1308407 -396852, -1304494 -400465, -1298831 -405448, -1298635 -405613, -1297058 -407107, -1290462 -412543, -1287032 -415658, -1284537 -417955, -1281141 -420965, -1275288 -426260, -1273855 -427708, -1270256 -431016, -1267670 -433444, -1263049 -438124, -1261132 -440136, -1254590 -446545, -1251919 -449136, -1250371 -450626, -1247126 -453794, -1245798 -455056, -1243798 -456937, -1241479 -459109, -1236296 -464831, -1232963 -468596, -1230509 -471273, -1228294 -473668, -1227673 -474335, -1225828 -476300, -1224733 -477488, -1224485 -477753, -1223409 -478896, -1220831 -481574, -1219530 -482929, -1218844 -483624, -1217510 -485073, -1217109 -485521, -1214819 -488063, -1214349 -488575, -1211916 -491217, -1210221 -493033, -1209191 -494128, -1208491 -494870, -1207522 -495924, -1206923 -496752, -1206578 -497228, -1205654 -498354, -1204908 -499252, -1204163 -500144, -1203364 -501034, -1202388 -502235, -1201266 -503480, -1196135 -509752, -1192120 -514283, -1190455 -516400, -1189238 -517934, -1187097 -520601, -1186247 -521652, -1184116 -524268, -1183269 -525299, -1182249 -526488, -1180780 -528231, -1179178 -530120, -1177464 -531853, -1176248 -533152, -1173721 -536627, -1166279 -546837, -1162177 -552201, -1160097 -554792, -1152778 -564333, -1144824 -575320, -1138553 -584194, -1137889 -585109, -1137462 -585693, -1135767 -588060, -1133247 -591581, -1130791 -595262, -1124405 -604327, -1122245 -607240, -1120326 -609886, -1118373 -612705, -1116855 -615074, -1112577 -621778, -1110885 -624539, -1110020 -625938, -1108078 -629037, -1104219 -635053, -1103461 -636212, -1097751 -644701, -1091186 -654564, -1086515 -662634, -1085990 -663537, -1082356 -669551, -1078251 -676385, -1075130 -681365, -1074857 -681765, -1072965 -684926, -1071246 -687719, -1065203 -697260, -1062708 -701706, -1061932 -703091, -1060997 -704750, -1058669 -708817, -1057873 -710186, -1056534 -712548, -1056230 -713105, -1054165 -716890, -1053532 -717977, -1053109 -718732, -1052617 -719609, -1052212 -720327, -1050438 -723456, -1047837 -727938, -1047334 -728791, -1045812 -731434, -1042881 -736345, -1042256 -737374, -1041072 -739320, -1040628 -740046, -1040085 -740875, -1039247 -742225, -1038753 -743034, -1038461 -743575, -1037811 -744841, -1035308 -749763, -1030642 -758689, -1025028 -769019, -1024363 -770255, -1024041 -770817, -1023756 -771326, -1022691 -773217, -1022201 -774078, -1021759 -774858, -1021617 -775106, -1021365 -775543, -1021009 -776168, -1020923 -776312, -1020090 -777771, -1017413 -782677, -1016122 -785018, -1011565 -793607, -1008912 -798942, -1006324 -804008, -1003490 -809445, -1003234 -809932, -1002507 -811315, -1001567 -813199, -1000885 -814557, -1000793 -814741, -1000464 -815389, -998009 -820186, -996460 -823205, -993952 -827939, -993372 -828981, -992549 -830520, -991442 -832623, -990218 -834937, -989284 -836672, -987680 -839806, -986056 -843187, -984874 -845874, -982926 -850149, -981543 -853125, -980812 -854525, -980494 -855043, -978094 -860151, -977134 -862079, -972626 -871092, -970942 -874383, -969297 -877562, -968570 -878953, -967815 -880390, -966649 -882753, -964196 -887933, -962566 -891453, -961540 -893760, -961032 -894909, -959821 -897625, -958814 -899855, -957319 -903235, -956664 -904702, -956119 -905891, -955063 -908198, -953963 -910549, -952969 -912678, -952153 -914425, -951335 -916201, -950457 -918140, -949835 -919500, -949740 -917502, -949143 -915200, -948118 -913317, -947664 -912638, -946150 -911172, -945420 -910639, -944093 -908748, -943928 -907459, -944168 -906497, -944860 -905267, -946039 -904142, -946601 -903778, -946842 -903492, -946942 -903252, -947059 -902522, -946083 -901259, -945291 -900366, -944791 -899914, -944129 -899580, -943588 -899373, -943248 -899381, -942934 -899420, -941914 -899495, -940121 -899081, -939093 -898301, -938271 -896865, -938097 -895706, -936992 -892834, -936703 -891776, -936412 -890293, -936128 -888553, -935980 -887342, -935879 -886786, -935896 -885939, -936188 -884863, -935808 -881838, -935403 -880026, -935315 -878293, -934905 -876274, -934839 -873932, -934755 -871072, -934407 -869034, -933436 -862952, -933385 -859826, -933739 -855999, -933506 -852779, -933860 -850889, -935280 -846780, -935690 -844060, -935567 -842320, -935441 -840816, -935450 -839354, -935560 -837602, -935487 -836369, -935391 -835760, -935040 -834575, -934737 -833669, -934316 -833101, -933510 -832705, -932792 -831681, -932308 -830234, -932436 -829437, -932224 -827838, -932009 -826035, -931962 -824991, -932658 -823164, -931758 -822475, -931034 -822192, -930594 -821469, -930004 -820060, -929873 -819134, -929818 -817330, -930408 -816494, -930517 -815272, -930846 -813309, -931191 -812513, -931686 -811569, -931575 -810708, -931339 -809153, -930644 -808025, -929893 -806232, -930160 -805152, -931116 -803554, -931408 -802314, -931171 -801145, -930770 -800168, -930422 -799346, -929981 -798125, -929717 -797114, -929594 -796374, -929588 -795780, -929563 -795562, -929069 -794534, -929331 -792844, -929088 -791208, -928621 -789312, -929183 -787195, -928981 -785941, -928305 -785211, -927688 -783818, -927227 -782794, -927539 -781421, -927631 -781039, -927721 -780014, -926679 -779305, -925922 -778400, -925098 -778184, -924469 -778055, -923931 -777680, -923627 -777057, -923941 -776584, -924644 -774681, -925705 -772683, -925906 -771777, -926189 -770599, -926247 -769384, -925992 -768540, -926029 -767082, -926147 -766527, -926338 -765305, -926537 -764178, -926626 -763644, -926803 -762602, -926809 -761854, -927511 -758435, -926982 -757311, -926970 -756127, -926847 -754534, -926615 -754012, -926233 -753567, -925670 -753115, -924897 -751600, -925935 -750344, -925714 -748412, -925301 -747064, -925917 -744476, -926142 -743145, -924626 -740630, -922934 -740289, -922090 -740400, -921168 -740216, -920666 -740190, -920028 -740744, -919420 -740083, -918305 -739607, -916680 -737971, -915473 -737034, -915065 -738703, -914714 -739126, -912908 -737710, -911688 -737355, -909881 -737026, -909123 -737404, -907825 -738275, -907059 -738183, -906439 -738229, -905768 -739338, -906590 -741077, -906336 -741821, -902760 -741062, -901884 -743416, -899382 -741143, -897240 -742683, -896774 -742496, -895704 -745659, -894579 -748644, -893781 -750093, -893252 -751926, -893024 -754703, -893577 -756476, -892637 -756843, -891433 -758897, -891020 -758967, -890577 -761881, -889267 -764174, -888817 -764551, -888026 -764659, -886876 -764895, -885688 -764715, -884286 -764116, -883218 -764438, -882248 -764776, -881509 -763311, -880979 -759933, -879652 -756546, -879481 -755127, -879765 -753503, -878581 -752643, -877848 -751630, -876592 -747913, -875624 -745168, -874677 -743938, -874028 -743736, -873965 -742631, -873822 -740159, -873684 -737905, -873584 -736194, -873531 -734406, -873486 -732333, -873421 -730656, -873355 -729421, -873182 -726921, -873125 -724484, -872858 -719421, -872729 -717106, -872344 -706743, -872315 -703414, -872284 -699860, -872256 -697259, -872231 -694708, -872208 -691395, -872191 -687954, -872169 -684819, -872134 -677777, -872089 -670758, -872108 -668361, -872080 -664680, -872087 -662495, -872088 -662466, -872095 -661161, -872098 -660228, -872098 -659976, -872098 -659351, -872098 -658908, -872123 -652159, -872133 -648916, -872147 -642673, -872288 -637243)))
> summary(carto)
* Objective:
  - Relative error:
   Min. 1st Qu.  Median    Mean 3rd Qu.    Max. 
 0.0201  0.1186  0.2717  0.3373  0.3344  1.4965 
  - Error:
    Min.  1st Qu.   Median     Mean  3rd Qu.     Max. 
2.81e+09 1.80e+10 5.66e+10 7.69e+10 6.24e+10 3.58e+11 

* Distortion of regions
  Symmetrized difference error
   Min. 1st Qu.  Median    Mean 3rd Qu.    Max. 
  0.111   0.124   0.144   0.167   0.189   0.309 
> options(oldoptions)
> 
> proc.time()
   user  system elapsed 
  2.163   0.742   1.580 
