
R version 4.1.0 Patched (2021-06-26 r80567) -- "Camp Pontanezen"
Copyright (C) 2021 The R Foundation for Statistical Computing
Platform: x86_64-pc-linux-gnu (64-bit)

R is free software and comes with ABSOLUTELY NO WARRANTY.
You are welcome to redistribute it under certain conditions.
Type 'license()' or 'licence()' for distribution details.

R is a collaborative project with many contributors.
Type 'contributors()' for more information and
'citation()' on how to cite R or R packages in publications.

Type 'demo()' for some demos, 'help()' for on-line help, or
'help.start()' for an HTML browser interface to help.
Type 'q()' to quit R.

> ## gsm
> 
> library(cartogramR)
> data(usa)
> options(digits=5)
> precarto <- precartogramR(usa, gridpower2=5:8)
> summary(precarto)
            L32    L64    L128   L256
Min.     0.0000  0.000   0.000   0.00
1st Qu.  2.0000  8.000  34.000 134.00
Median   3.0000 13.000  51.000 205.00
Mean     3.6327 14.551  58.429 232.98
3rd Qu.  5.0000 19.000  79.000 304.00
Max.    16.0000 62.000 246.000 991.00
> 
> carto <-  cartogramR(usa, "electors64", method="gsm", options=list(L=128, relerror=2))
> carto$final_centers
          [,1]     [,2]
 [1,]   -76791 -1121321
 [2,]  -911259  -856079
 [3,] -1045685   -21594
 [4,]  1668350   390769
 [5,]  -747360    11344
 [6,]  -774370  -164505
 [7,] -1121752  -426940
 [8,] -1459513    10436
 [9,] -1491904   251983
[10,] -1191029   -99773
[11,]  -481202  -933107
[12,]  2149868  -271006
[13,]  2535825   199865
[14,]   195913 -1513258
[15,]  2318644   154630
[16,]  1197691  -828751
[17,]   887042  -425334
[18,]   681563  -954798
[19,]  1121850 -1488200
[20,]   326955 -1384223
[21,]  2454340   452591
[22,]  2170619  -643878
[23,]  2060284   793905
[24,]  1437157  -207676
[25,]  1872388  -677221
[26,]   611483 -1138996
[27,]   666154 -1441205
[28,]  1511975 -1007755
[29,]  -199097  -752478
[30,]  2256571   787229
[31,]  2306480   980464
[32,]  1420707 -1374847
[33,]  -373982  -312594
[34,]  1585791 -1209768
[35,]  -610017  -645636
[36,]  -723866  -364611
[37,] -1001597  -229981
[38,]  -913782  -533718
[39,]  -418158    41577
[40,]   -53295    38834
[41,]   351035   208161
[42,]   516261  -556310
[43,]  -455595 -1268437
[44,]  1427912 -1889771
[45,]  1558529  -759151
[46,]   143919  -535906
[47,] -1062572  -817731
[48,] -1260119  -342069
[49,] -1503276  -483773
> carto$final_area
 [1] 9.4348e+10 6.3281e+10 6.6477e+10 6.4052e+11 6.0477e+10 5.8578e+10
 [7] 5.3094e+10 9.7355e+10 1.3022e+11 5.5588e+10 1.1229e+11 2.2670e+11
[13] 4.1909e+10 1.4220e+11 1.2382e+11 1.1211e+11 3.7035e+11 1.4342e+11
[19] 1.7979e+11 1.0844e+11 1.9567e+11 4.4125e+10 5.1589e+10 4.5329e+11
[25] 3.6613e+11 1.5826e+11 1.4835e+11 1.9492e+11 1.8047e+11 5.7084e+10
[31] 6.9237e+10 1.1572e+11 1.3404e+11 1.9508e+11 1.0529e+11 7.3832e+10
[37] 4.4461e+10 8.5491e+10 1.4861e+11 1.7979e+11 3.1491e+11 1.9776e+11
[43] 3.7419e+11 2.0495e+11 4.9036e+09 3.6804e+11 7.7735e+10 5.3313e+10
[49] 5.6943e+11
> carto$cartogram[[15]]
MULTIPOLYGON (((2081355 298386, 2083423 289573, 2083813 287906, 2084458 285134, 2087215 270639, 2087750 267635, 2087981 266256, 2088077 265771, 2088583 262644, 2091556 251448, 2094474 244768, 2096045 240956, 2097409 237627, 2103153 223818, 2106543 215874, 2111054 205009, 2113045 200357, 2114579 196832, 2118914 186339, 2121722 179520, 2124155 174003, 2128241 166541, 2131702 160412, 2139673 145291, 2144960 135199, 2146866 131540, 2150074 125163, 2151530 122319, 2153488 118528, 2154517 116451, 2155084 115325, 2155603 114326, 2156617 112327, 2157189 111232, 2158721 108404, 2160550 105262, 2163893 99635, 2166523 96934, 2170629 92892, 2174208 89375, 2176908 86571, 2180612 82763, 2186728 76426, 2196458 66490, 2205253 60617, 2213253 55199, 2220331 50311, 2226474 45985, 2233597 40916, 2239182 36882, 2237821 35916, 2235665 34606, 2235022 34156, 2234273 33580, 2232821 32621, 2230514 31250, 2230161 31029, 2229301 30500, 2227647 29532, 2227192 28779, 2226729 28031, 2226402 27463, 2225970 26560, 2225515 25732, 2225388 25481, 2224724 24302, 2224386 23447, 2224268 23284, 2223437 21445, 2223266 20870, 2222820 19721, 2222399 18360, 2221598 14972, 2221452 14627, 2221589 11217, 2224302 9169, 2226787 7449.4, 2229582 5396, 2236732 99.476, 2245181 -6144.8, 2245975 -6730.1, 2249351 -9247, 2254077 -12735, 2255395 -13716, 2256389 -14452, 2256905 -14842, 2258056 -15692, 2259003 -16393, 2259203 -16541, 2261259 -18139, 2264616 -20658, 2267211 -22500, 2269447 -24213, 2271714 -26659, 2273171 -28603, 2274432 -29759, 2275688 -31040, 2277567 -32847, 2279602 -34551, 2299893 -47807, 2300801 -47523, 2305015 -46376, 2307488 -45789, 2314740 -44368, 2324405 -42947, 2332523 -40887, 2336380 -39717, 2349731 -36011, 2354932 -34800, 2357065 -34161, 2364446 -31817, 2367770 -30899, 2386772 -26021, 2400971 -21190, 2414394 -13275, 2416893 -11761, 2423317 -8056.4, 2432932 -3045.1, 2447144 3585.6, 2475157 15242, 2486507 20788, 2509149 31821, 2519956 35930, 2524635 37519, 2538016 41819, 2542649 43230, 2545029 45306, 2550244 49597, 2557958 52488, 2567838 56688, 2570101 56614, 2572785 56526, 2571922 61898, 2571666 62740, 2575216 62053, 2578229 61715, 2579848 63071, 2581286 66417, 2581239 68578, 2579337 70398, 2574040 73890, 2571346 76399, 2570825 76917, 2570000 78145, 2569344 79604, 2568383 80594, 2566811 81898, 2566033 83058, 2565280 83572, 2564563 84038, 2563995 84411, 2563628 84771, 2562769 85724, 2560933 87119, 2559530 87532, 2557702 88689, 2555544 90826, 2553178 92595, 2551456 94402, 2550623 95513, 2550968 96356, 2551335 97159, 2551151 98746, 2550380 100209, 2550729 100979, 2551543 101092, 2553297 100522, 2553583 101046, 2554855 100605, 2554659 101355, 2551368 104583, 2549034 106864, 2545578 110217, 2544622 111146, 2544141 111613, 2542291 113409, 2534370 121164, 2524344 130890, 2519320 135718, 2515676 139220, 2509409 145188, 2499496 154579, 2496803 157114, 2494886 159109, 2491424 162764, 2489220 165119, 2488044 166374, 2487282 167190, 2483626 171085, 2482498 172283, 2479784 175177, 2477293 177864, 2475400 185231, 2473923 191802, 2472807 196561, 2471908 200377, 2471372 202665, 2470856 204829, 2468234 215343, 2466642 221230, 2463783 231799, 2462380 236924, 2461153 241368, 2459344 247870, 2457043 256186, 2455945 260056, 2454197 266049, 2448572 285232, 2447624 288426, 2444527 298460, 2443434 302088, 2441604 307967, 2439976 313153, 2437346 321448, 2435985 325627, 2431577 337086, 2430535 339732, 2428279 345407, 2425961 351100, 2425295 352808, 2424324 355263, 2422480 359946, 2421350 362697, 2420910 363745, 2417567 371908, 2413919 380582, 2410777 386186, 2405143 384931, 2403758 384626, 2402431 384342, 2400991 384028, 2398864 383555, 2394465 382589, 2392280 382121, 2390900 381825, 2386163 380768, 2382365 379847, 2379979 379303, 2379297 379115, 2377180 378621, 2375947 378274, 2371532 376963, 2367737 375774, 2365264 375047, 2362882 374206, 2358638 373049, 2355987 372374, 2354761 372104, 2352061 371372, 2349475 370720, 2348635 370411, 2345317 369220, 2342259 368162, 2337965 366629, 2333156 364885, 2326923 362555, 2320680 360037, 2317026 358552, 2311971 356582, 2307331 354674, 2300194 351765, 2298473 351080, 2295235 349797, 2286108 345857, 2283594 344806, 2281071 343247, 2277342 340687, 2274754 337103, 2274175 336030, 2273088 335558, 2271412 334974, 2270404 334540, 2269735 334785, 2268800 336680, 2267383 336183, 2266296 335806, 2262224 334591, 2255286 333195, 2251204 332176, 2249042 331414, 2248181 330930, 2241606 328391, 2240724 328040, 2240883 327028, 2241429 326827, 2242199 326294, 2242413 325585, 2242326 324826, 2242348 324230, 2242337 323559, 2242504 322835, 2242374 322290, 2241879 322686, 2241455 322632, 2241179 322145, 2240818 322229, 2241127 321834, 2241095 321314, 2241869 321040, 2242462 320867, 2242583 319928, 2242418 319076, 2242779 318458, 2243194 317944, 2242726 317223, 2243062 315077, 2238951 312521, 2234539 309815, 2228985 323464, 2226987 322711, 2223953 321624, 2220002 320457, 2217347 319464, 2207709 316152, 2203043 314723, 2195403 312076, 2188667 309973, 2183793 308526, 2180454 307588, 2178908 307195, 2174268 305952, 2168362 304412, 2163354 303118, 2161840 302733, 2157918 301738, 2153357 301262, 2148181 301005, 2147733 300980, 2145358 300853, 2139833 300569, 2139018 300570, 2134178 300395, 2130982 300264, 2127014 300123, 2126596 300109, 2124827 300077, 2121106 299967, 2117975 299881, 2114587 299777, 2114391 299769, 2109835 299641, 2106685 299532, 2098048 299377, 2094529 299308, 2090624 299059, 2085720 298698, 2081355 298386)))
> summary(carto)
* Objective:
  - Relative error:
   Min. 1st Qu.  Median    Mean 3rd Qu.    Max. 
0.00241 0.02114 0.04535 0.09958 0.07176 1.41576 
  - Error:
    Min.  1st Qu.   Median     Mean  3rd Qu.     Max. 
1.46e+08 2.35e+09 5.53e+09 1.24e+10 8.95e+09 2.15e+11 

* Distortion of regions
  Symmetrized difference error
   Min. 1st Qu.  Median    Mean 3rd Qu.    Max. 
 0.0662  0.1841  0.2260  0.2293  0.2601  0.4593 
> 
> proc.time()
   user  system elapsed 
  3.504   0.965   1.819 
